<html>
<body>
<pre>
<h1>礦ision Build Log</h1>
<h2>Tool Versions:</h2>
IDE-Version: μVision V5.14.0.0
Copyright (C) 2015 ARM Ltd and ARM Germany GmbH. All rights reserved.
License Information: 1 1, 1, LIC=21E74-FW9ZC-KPMZY-IDG3S-JZCPX-RUWUK
 
Tool Versions:
Toolchain:       MDK-ARM Standard  Version: 5.14.0.0
Toolchain Path:  F:\Application\Keil5\ARM\ARMCC\Bin
C Compiler:      Armcc.exe V5.05 update 1 (build 106)
Assembler:       Armasm.exe V5.05 update 1 (build 106)
Linker/Locator:  ArmLink.exe V5.05 update 1 (build 106)
Library Manager: ArmAr.exe V5.05 update 1 (build 106)
Hex Converter:   FromElf.exe V5.05 update 1 (build 106)
CPU DLL:         SARMCM3.DLL V5.14.0.0
Dialog DLL:      DARMSTM.DLL V1.65.0.0
Target DLL:      Segger\JL2CM3.dll V2.99.13.0
Dialog DLL:      TARMSTM.DLL V1.64.0.0
 
<h2>Project:</h2>
H:\学习资料\小四轴\2、主控与遥控源程序\ZIN-8主控源程序（keil MDK打开）\ZIN-8主控源程序（keil MDK打开）\mini.uvprojx
Project File Date:  03/30/2020

<h2>Output:</h2>
Rebuild target 'Target 1'
compiling core_cm3.c...
compiling system_stm32f10x.c...
assembling startup_stm32f10x_md.s...
compiling stm32f10x_it.c...
compiling main.c...
compiling delay.c...
compiling INIT.c...
compiling scheduler.c...
compiling misc.c...
compiling stm32f10x_adc.c...
compiling stm32f10x_bkp.c...
compiling stm32f10x_can.c...
compiling stm32f10x_cec.c...
compiling stm32f10x_crc.c...
compiling stm32f10x_dac.c...
compiling stm32f10x_dbgmcu.c...
compiling stm32f10x_dma.c...
compiling stm32f10x_exti.c...
compiling stm32f10x_flash.c...
compiling stm32f10x_fsmc.c...
compiling stm32f10x_gpio.c...
compiling stm32f10x_i2c.c...
compiling stm32f10x_iwdg.c...
compiling stm32f10x_pwr.c...
compiling stm32f10x_rcc.c...
compiling stm32f10x_rtc.c...
compiling stm32f10x_sdio.c...
compiling stm32f10x_spi.c...
compiling stm32f10x_tim.c...
compiling stm32f10x_usart.c...
compiling stm32f10x_wwdg.c...
compiling IIC_SOFTWARE.c...
compiling USART.c...
compiling TIM.c...
compiling ADC.c...
compiling Spi.c...
compiling LED.c...
compiling nrf24l01.c...
compiling mpu6050.c...
compiling ANO_DT.c...
HAL\ANO_DT.c(73): warning:  #177-D: variable "CMD2" was declared but never referenced
                                 }CMD2;
HAL\ANO_DT.c: 1 warning, 0 errors
compiling remote.c...
compiling control.c...
compiling filter.c...
compiling kalman.c...
compiling imu.c...
compiling myMath.c...
compiling pid.c...
linking...
Program Size: Code=15840 RO-data=384 RW-data=252 ZI-data=1628  
FromELF: creating hex file...
".\Output\mini.axf" - 0 Error(s), 1 Warning(s).

<h2>Collection of Component include folders:</h2>
  H:\学习资料\小四轴\2、主控与遥控源程序\ZIN-8主控源程序（keil MDK打开）\ZIN-8主控源程序（keil MDK打开）\RTE
  F:\Application\Keil5\ARM\PACK\Keil\STM32F1xx_DFP\1.1.0\Device\Include

<h2>Collection of Component Files used:</h2>
</pre>
</body>
</html>
