Component: ARM Compiler 5.05 update 1 (build 106) Tool: armlink [4d0efa]

==============================================================================

Section Cross References

    system_stm32f10x.o(i.SetSysClock) refers to system_stm32f10x.o(i.SetSysClockTo72) for SetSysClockTo72
    system_stm32f10x.o(i.SystemCoreClockUpdate) refers to system_stm32f10x.o(.data) for SystemCoreClock
    startup_stm32f10x_md.o(STACK) refers (Special) to heapauxi.o(.text) for __use_two_region_memory
    startup_stm32f10x_md.o(HEAP) refers (Special) to heapauxi.o(.text) for __use_two_region_memory
    startup_stm32f10x_md.o(RESET) refers (Special) to heapauxi.o(.text) for __use_two_region_memory
    startup_stm32f10x_md.o(RESET) refers to startup_stm32f10x_md.o(STACK) for __initial_sp
    startup_stm32f10x_md.o(RESET) refers to startup_stm32f10x_md.o(.text) for Reset_Handler
    startup_stm32f10x_md.o(RESET) refers to stm32f10x_it.o(i.NMI_Handler) for NMI_Handler
    startup_stm32f10x_md.o(RESET) refers to stm32f10x_it.o(i.HardFault_Handler) for HardFault_Handler
    startup_stm32f10x_md.o(RESET) refers to stm32f10x_it.o(i.MemManage_Handler) for MemManage_Handler
    startup_stm32f10x_md.o(RESET) refers to stm32f10x_it.o(i.BusFault_Handler) for BusFault_Handler
    startup_stm32f10x_md.o(RESET) refers to stm32f10x_it.o(i.UsageFault_Handler) for UsageFault_Handler
    startup_stm32f10x_md.o(RESET) refers to stm32f10x_it.o(i.SVC_Handler) for SVC_Handler
    startup_stm32f10x_md.o(RESET) refers to stm32f10x_it.o(i.DebugMon_Handler) for DebugMon_Handler
    startup_stm32f10x_md.o(RESET) refers to stm32f10x_it.o(i.PendSV_Handler) for PendSV_Handler
    startup_stm32f10x_md.o(RESET) refers to sys.o(i.SysTick_Handler) for SysTick_Handler
    startup_stm32f10x_md.o(.text) refers (Special) to heapauxi.o(.text) for __use_two_region_memory
    startup_stm32f10x_md.o(.text) refers to system_stm32f10x.o(i.SystemInit) for SystemInit
    startup_stm32f10x_md.o(.text) refers to __main.o(!!!main) for __main
    startup_stm32f10x_md.o(.text) refers to startup_stm32f10x_md.o(HEAP) for Heap_Mem
    startup_stm32f10x_md.o(.text) refers to startup_stm32f10x_md.o(STACK) for Stack_Mem
    main.o(i.BEEP_INIT) refers to stm32f10x_rcc.o(i.RCC_APB2PeriphClockCmd) for RCC_APB2PeriphClockCmd
    main.o(i.BEEP_INIT) refers to stm32f10x_gpio.o(i.GPIO_Init) for GPIO_Init
    main.o(i.NVIC_Configuration) refers to misc.o(i.NVIC_PriorityGroupConfig) for NVIC_PriorityGroupConfig
    main.o(i.NVIC_Configuration) refers to misc.o(i.NVIC_Init) for NVIC_Init
    main.o(i.RCC_Configuration) refers to stm32f10x_rcc.o(i.RCC_DeInit) for RCC_DeInit
    main.o(i.RCC_Configuration) refers to stm32f10x_rcc.o(i.RCC_HSICmd) for RCC_HSICmd
    main.o(i.RCC_Configuration) refers to stm32f10x_rcc.o(i.RCC_GetFlagStatus) for RCC_GetFlagStatus
    main.o(i.RCC_Configuration) refers to stm32f10x_flash.o(i.FLASH_PrefetchBufferCmd) for FLASH_PrefetchBufferCmd
    main.o(i.RCC_Configuration) refers to stm32f10x_flash.o(i.FLASH_SetLatency) for FLASH_SetLatency
    main.o(i.RCC_Configuration) refers to stm32f10x_rcc.o(i.RCC_HCLKConfig) for RCC_HCLKConfig
    main.o(i.RCC_Configuration) refers to stm32f10x_rcc.o(i.RCC_PCLK1Config) for RCC_PCLK1Config
    main.o(i.RCC_Configuration) refers to stm32f10x_rcc.o(i.RCC_PCLK2Config) for RCC_PCLK2Config
    main.o(i.RCC_Configuration) refers to stm32f10x_rcc.o(i.RCC_PLLConfig) for RCC_PLLConfig
    main.o(i.RCC_Configuration) refers to stm32f10x_rcc.o(i.RCC_PLLCmd) for RCC_PLLCmd
    main.o(i.RCC_Configuration) refers to stm32f10x_rcc.o(i.RCC_SYSCLKConfig) for RCC_SYSCLKConfig
    main.o(i.RCC_Configuration) refers to stm32f10x_rcc.o(i.RCC_GetSYSCLKSource) for RCC_GetSYSCLKSource
    main.o(i.RCC_Configuration) refers to stm32f10x_rcc.o(i.RCC_APB2PeriphClockCmd) for RCC_APB2PeriphClockCmd
    main.o(i.RCC_Configuration) refers to stm32f10x_rcc.o(i.RCC_APB1PeriphClockCmd) for RCC_APB1PeriphClockCmd
    main.o(i.main) refers to main.o(i.RCC_Configuration) for RCC_Configuration
    main.o(i.main) refers to delay.o(i.cycleCounterInit) for cycleCounterInit
    main.o(i.main) refers to main.o(i.BEEP_INIT) for BEEP_INIT
    main.o(i.main) refers to sys.o(i._g_Init_sys) for _g_Init_sys
    main.o(i.main) refers to main.o(i.NVIC_Configuration) for NVIC_Configuration
    delay.o(i.GetSysTime_us) refers to sys.o(.data) for SysTick_count
    delay.o(i.GetSysTime_us) refers to delay.o(.data) for usTicks
    delay.o(i.cycleCounterInit) refers to stm32f10x_rcc.o(i.RCC_GetClocksFreq) for RCC_GetClocksFreq
    delay.o(i.cycleCounterInit) refers to delay.o(.data) for usTicks
    delay.o(i.delay_ms) refers to delay.o(i.GetSysTime_us) for GetSysTime_us
    sys.o(i.SysTick_Handler) refers to remote.o(i.RC_Analy) for RC_Analy
    sys.o(i.SysTick_Handler) refers to sys.o(.data) for SysTick_count
    sys.o(i._g_Init_sys) refers to iic_software.o(i.IIC_Init) for IIC_Init
    sys.o(i._g_Init_sys) refers to nrf24l01.o(i.NRF24L01_init) for NRF24L01_init
[...]
    Removing stm32f10x_fsmc.o(i.FSMC_NORSRAMStructInit), (114 bytes).
    Removing stm32f10x_fsmc.o(i.FSMC_PCCARDCmd), (48 bytes).
    Removing stm32f10x_fsmc.o(i.FSMC_PCCARDDeInit), (40 bytes).
    Removing stm32f10x_fsmc.o(i.FSMC_PCCARDInit), (132 bytes).
    Removing stm32f10x_fsmc.o(i.FSMC_PCCARDStructInit), (60 bytes).
    Removing stm32f10x_gpio.o(i.GPIO_AFIODeInit), (20 bytes).
    Removing stm32f10x_gpio.o(i.GPIO_DeInit), (200 bytes).
    Removing stm32f10x_gpio.o(i.GPIO_ETH_MediaInterfaceConfig), (12 bytes).
    Removing stm32f10x_gpio.o(i.GPIO_EXTILineConfig), (64 bytes).
    Removing stm32f10x_gpio.o(i.GPIO_EventOutputCmd), (12 bytes).
    Removing stm32f10x_gpio.o(i.GPIO_EventOutputConfig), (32 bytes).
    Removing stm32f10x_gpio.o(i.GPIO_PinLockConfig), (18 bytes).
    Removing stm32f10x_gpio.o(i.GPIO_PinRemapConfig), (144 bytes).
    Removing stm32f10x_gpio.o(i.GPIO_ReadInputData), (8 bytes).
    Removing stm32f10x_gpio.o(i.GPIO_ReadInputDataBit), (18 bytes).
    Removing stm32f10x_gpio.o(i.GPIO_ReadOutputData), (8 bytes).
    Removing stm32f10x_gpio.o(i.GPIO_ReadOutputDataBit), (18 bytes).
    Removing stm32f10x_gpio.o(i.GPIO_ResetBits), (4 bytes).
    Removing stm32f10x_gpio.o(i.GPIO_StructInit), (16 bytes).
    Removing stm32f10x_gpio.o(i.GPIO_Write), (4 bytes).
    Removing stm32f10x_gpio.o(i.GPIO_WriteBit), (10 bytes).
    Removing stm32f10x_i2c.o(i.I2C_ARPCmd), (24 bytes).
    Removing stm32f10x_i2c.o(i.I2C_AcknowledgeConfig), (24 bytes).
    Removing stm32f10x_i2c.o(i.I2C_CalculatePEC), (24 bytes).
    Removing stm32f10x_i2c.o(i.I2C_CheckEvent), (42 bytes).
    Removing stm32f10x_i2c.o(i.I2C_ClearFlag), (12 bytes).
    Removing stm32f10x_i2c.o(i.I2C_ClearITPendingBit), (12 bytes).
    Removing stm32f10x_i2c.o(i.I2C_Cmd), (24 bytes).
    Removing stm32f10x_i2c.o(i.I2C_DMACmd), (24 bytes).
    Removing stm32f10x_i2c.o(i.I2C_DMALastTransferCmd), (24 bytes).
    Removing stm32f10x_i2c.o(i.I2C_DeInit), (56 bytes).
    Removing stm32f10x_i2c.o(i.I2C_DualAddressCmd), (24 bytes).
    Removing stm32f10x_i2c.o(i.I2C_FastModeDutyCycleConfig), (28 bytes).
    Removing stm32f10x_i2c.o(i.I2C_GeneralCallCmd), (24 bytes).
    Removing stm32f10x_i2c.o(i.I2C_GenerateSTART), (24 bytes).
    Removing stm32f10x_i2c.o(i.I2C_GenerateSTOP), (24 bytes).
    Removing stm32f10x_i2c.o(i.I2C_GetFlagStatus), (58 bytes).
    Removing stm32f10x_i2c.o(i.I2C_GetITStatus), (38 bytes).
    Removing stm32f10x_i2c.o(i.I2C_GetLastEvent), (26 bytes).
    Removing stm32f10x_i2c.o(i.I2C_GetPEC), (8 bytes).
    Removing stm32f10x_i2c.o(i.I2C_ITConfig), (18 bytes).
    Removing stm32f10x_i2c.o(i.I2C_Init), (236 bytes).
    Removing stm32f10x_i2c.o(i.I2C_NACKPositionConfig), (28 bytes).
    Removing stm32f10x_i2c.o(i.I2C_OwnAddress2Config), (22 bytes).
    Removing stm32f10x_i2c.o(i.I2C_PECPositionConfig), (28 bytes).
    Removing stm32f10x_i2c.o(i.I2C_ReadRegister), (22 bytes).
    Removing stm32f10x_i2c.o(i.I2C_ReceiveData), (8 bytes).
    Removing stm32f10x_i2c.o(i.I2C_SMBusAlertConfig), (28 bytes).
    Removing stm32f10x_i2c.o(i.I2C_Send7bitAddress), (18 bytes).
    Removing stm32f10x_i2c.o(i.I2C_SendData), (4 bytes).
    Removing stm32f10x_i2c.o(i.I2C_SoftwareResetCmd), (22 bytes).
    Removing stm32f10x_i2c.o(i.I2C_StretchClockCmd), (24 bytes).
    Removing stm32f10x_i2c.o(i.I2C_StructInit), (36 bytes).
    Removing stm32f10x_i2c.o(i.I2C_TransmitPEC), (24 bytes).
    Removing stm32f10x_iwdg.o(i.IWDG_Enable), (16 bytes).
    Removing stm32f10x_iwdg.o(i.IWDG_GetFlagStatus), (24 bytes).
    Removing stm32f10x_iwdg.o(i.IWDG_ReloadCounter), (16 bytes).
    Removing stm32f10x_iwdg.o(i.IWDG_SetPrescaler), (12 bytes).
    Removing stm32f10x_iwdg.o(i.IWDG_SetReload), (12 bytes).
    Removing stm32f10x_iwdg.o(i.IWDG_WriteAccessCmd), (12 bytes).
    Removing stm32f10x_pwr.o(i.PWR_BackupAccessCmd), (12 bytes).
    Removing stm32f10x_pwr.o(i.PWR_ClearFlag), (20 bytes).
    Removing stm32f10x_pwr.o(i.PWR_DeInit), (22 bytes).
    Removing stm32f10x_pwr.o(i.PWR_EnterSTANDBYMode), (52 bytes).
    Removing stm32f10x_pwr.o(i.PWR_EnterSTOPMode), (64 bytes).
    Removing stm32f10x_pwr.o(i.PWR_GetFlagStatus), (24 bytes).
    Removing stm32f10x_pwr.o(i.PWR_PVDCmd), (12 bytes).
    Removing stm32f10x_pwr.o(i.PWR_PVDLevelConfig), (24 bytes).
    Removing stm32f10x_pwr.o(i.PWR_WakeUpPinCmd), (12 bytes).
    Removing stm32f10x_rcc.o(i.RCC_APB1PeriphResetCmd), (32 bytes).
    Removing stm32f10x_rcc.o(i.RCC_APB2PeriphResetCmd), (32 bytes).
    Removing stm32f10x_rcc.o(i.RCC_AdjustHSICalibrationValue), (24 bytes).
    Removing stm32f10x_rcc.o(i.RCC_BackupResetCmd), (12 bytes).
    Removing stm32f10x_rcc.o(i.RCC_ClearFlag), (20 bytes).
    Removing stm32f10x_rcc.o(i.RCC_ClearITPendingBit), (12 bytes).
    Removing stm32f10x_rcc.o(i.RCC_ClockSecuritySystemCmd), (12 bytes).
    Removing stm32f10x_rcc.o(i.RCC_GetITStatus), (24 bytes).
    Removing stm32f10x_rcc.o(i.RCC_HSEConfig), (76 bytes).
    Removing stm32f10x_rcc.o(i.RCC_ITConfig), (32 bytes).
    Removing stm32f10x_rcc.o(i.RCC_LSEConfig), (52 bytes).
    Removing stm32f10x_rcc.o(i.RCC_LSICmd), (12 bytes).
    Removing stm32f10x_rcc.o(i.RCC_MCOConfig), (12 bytes).
    Removing stm32f10x_rcc.o(i.RCC_RTCCLKCmd), (12 bytes).
    Removing stm32f10x_rcc.o(i.RCC_RTCCLKConfig), (16 bytes).
    Removing stm32f10x_rcc.o(i.RCC_USBCLKConfig), (12 bytes).
    Removing stm32f10x_rcc.o(i.RCC_WaitForHSEStartUp), (56 bytes).
    Removing stm32f10x_rtc.o(i.RTC_ClearFlag), (16 bytes).
    Removing stm32f10x_rtc.o(i.RTC_ClearITPendingBit), (16 bytes).
    Removing stm32f10x_rtc.o(i.RTC_EnterConfigMode), (20 bytes).
    Removing stm32f10x_rtc.o(i.RTC_ExitConfigMode), (20 bytes).
    Removing stm32f10x_rtc.o(i.RTC_GetCounter), (20 bytes).
    Removing stm32f10x_rtc.o(i.RTC_GetDivider), (24 bytes).
    Removing stm32f10x_rtc.o(i.RTC_GetFlagStatus), (24 bytes).
    Removing stm32f10x_rtc.o(i.RTC_GetITStatus), (36 bytes).
    Removing stm32f10x_rtc.o(i.RTC_ITConfig), (32 bytes).
    Removing stm32f10x_rtc.o(i.RTC_SetAlarm), (28 bytes).
    Removing stm32f10x_rtc.o(i.RTC_SetCounter), (28 bytes).
    Removing stm32f10x_rtc.o(i.RTC_SetPrescaler), (32 bytes).
    Removing stm32f10x_rtc.o(i.RTC_WaitForLastTask), (20 bytes).
    Removing stm32f10x_rtc.o(i.RTC_WaitForSynchro), (36 bytes).
    Removing stm32f10x_sdio.o(i.SDIO_CEATAITCmd), (16 bytes).
    Removing stm32f10x_sdio.o(i.SDIO_ClearFlag), (12 bytes).
    Removing stm32f10x_sdio.o(i.SDIO_ClearITPendingBit), (12 bytes).
    Removing stm32f10x_sdio.o(i.SDIO_ClockCmd), (12 bytes).
    Removing stm32f10x_sdio.o(i.SDIO_CmdStructInit), (14 bytes).
    Removing stm32f10x_sdio.o(i.SDIO_CommandCompletionCmd), (12 bytes).
    Removing stm32f10x_sdio.o(i.SDIO_DMACmd), (12 bytes).
    Removing stm32f10x_sdio.o(i.SDIO_DataConfig), (48 bytes).
    Removing stm32f10x_sdio.o(i.SDIO_DataStructInit), (20 bytes).
    Removing stm32f10x_sdio.o(i.SDIO_DeInit), (36 bytes).
    Removing stm32f10x_sdio.o(i.SDIO_GetCommandResponse), (12 bytes).
    Removing stm32f10x_sdio.o(i.SDIO_GetDataCounter), (12 bytes).
    Removing stm32f10x_sdio.o(i.SDIO_GetFIFOCount), (12 bytes).
    Removing stm32f10x_sdio.o(i.SDIO_GetFlagStatus), (24 bytes).
    Removing stm32f10x_sdio.o(i.SDIO_GetITStatus), (24 bytes).
    Removing stm32f10x_sdio.o(i.SDIO_GetPowerState), (16 bytes).
    Removing stm32f10x_sdio.o(i.SDIO_GetResponse), (24 bytes).
    Removing stm32f10x_sdio.o(i.SDIO_ITConfig), (32 bytes).
    Removing stm32f10x_sdio.o(i.SDIO_Init), (48 bytes).
    Removing stm32f10x_sdio.o(i.SDIO_ReadData), (12 bytes).
    Removing stm32f10x_sdio.o(i.SDIO_SendCEATACmd), (12 bytes).
    Removing stm32f10x_sdio.o(i.SDIO_SendCommand), (44 bytes).
    Removing stm32f10x_sdio.o(i.SDIO_SendSDIOSuspendCmd), (12 bytes).
    Removing stm32f10x_sdio.o(i.SDIO_SetPowerState), (28 bytes).
    Removing stm32f10x_sdio.o(i.SDIO_SetSDIOOperation), (12 bytes).
    Removing stm32f10x_sdio.o(i.SDIO_SetSDIOReadWaitMode), (12 bytes).
    Removing stm32f10x_sdio.o(i.SDIO_StartSDIOReadWait), (12 bytes).
    Removing stm32f10x_sdio.o(i.SDIO_StopSDIOReadWait), (12 bytes).
    Removing stm32f10x_sdio.o(i.SDIO_StructInit), (16 bytes).
    Removing stm32f10x_sdio.o(i.SDIO_WriteData), (12 bytes).
    Removing stm32f10x_spi.o(i.I2S_Cmd), (24 bytes).
    Removing stm32f10x_spi.o(i.I2S_Init), (232 bytes).
    Removing stm32f10x_spi.o(i.I2S_StructInit), (20 bytes).
    Removing stm32f10x_spi.o(i.SPI_BiDirectionalLineConfig), (28 bytes).
    Removing stm32f10x_spi.o(i.SPI_CalculateCRC), (24 bytes).
    Removing stm32f10x_spi.o(i.SPI_DataSizeConfig), (18 bytes).
    Removing stm32f10x_spi.o(i.SPI_GetCRC), (16 bytes).
    Removing stm32f10x_spi.o(i.SPI_GetCRCPolynomial), (6 bytes).
    Removing stm32f10x_spi.o(i.SPI_I2S_ClearFlag), (6 bytes).
    Removing stm32f10x_spi.o(i.SPI_I2S_ClearITPendingBit), (20 bytes).
    Removing stm32f10x_spi.o(i.SPI_I2S_DMACmd), (18 bytes).
    Removing stm32f10x_spi.o(i.SPI_I2S_DeInit), (88 bytes).
    Removing stm32f10x_spi.o(i.SPI_I2S_GetITStatus), (52 bytes).
    Removing stm32f10x_spi.o(i.SPI_I2S_ITConfig), (32 bytes).
    Removing stm32f10x_spi.o(i.SPI_NSSInternalSoftwareConfig), (30 bytes).
    Removing stm32f10x_spi.o(i.SPI_SSOutputCmd), (24 bytes).
    Removing stm32f10x_spi.o(i.SPI_StructInit), (24 bytes).
    Removing stm32f10x_spi.o(i.SPI_TransmitCRC), (10 bytes).
    Removing stm32f10x_tim.o(i.TI1_Config), (128 bytes).
    Removing stm32f10x_tim.o(i.TI2_Config), (152 bytes).
    Removing stm32f10x_tim.o(i.TI3_Config), (144 bytes).
    Removing stm32f10x_tim.o(i.TI4_Config), (152 bytes).
    Removing stm32f10x_tim.o(i.TIM_ARRPreloadConfig), (24 bytes).
    Removing stm32f10x_tim.o(i.TIM_BDTRConfig), (32 bytes).
    Removing stm32f10x_tim.o(i.TIM_BDTRStructInit), (18 bytes).
    Removing stm32f10x_tim.o(i.TIM_CCPreloadControl), (24 bytes).
    Removing stm32f10x_tim.o(i.TIM_CCxCmd), (30 bytes).
    Removing stm32f10x_tim.o(i.TIM_CCxNCmd), (30 bytes).
    Removing stm32f10x_tim.o(i.TIM_ClearFlag), (6 bytes).
    Removing stm32f10x_tim.o(i.TIM_ClearITPendingBit), (6 bytes).
    Removing stm32f10x_tim.o(i.TIM_ClearOC1Ref), (18 bytes).
    Removing stm32f10x_tim.o(i.TIM_ClearOC2Ref), (24 bytes).
    Removing stm32f10x_tim.o(i.TIM_ClearOC3Ref), (18 bytes).
    Removing stm32f10x_tim.o(i.TIM_ClearOC4Ref), (24 bytes).
    Removing stm32f10x_tim.o(i.TIM_Cmd), (24 bytes).
    Removing stm32f10x_tim.o(i.TIM_CounterModeConfig), (18 bytes).
    Removing stm32f10x_tim.o(i.TIM_CtrlPWMOutputs), (30 bytes).
    Removing stm32f10x_tim.o(i.TIM_DMACmd), (18 bytes).
    Removing stm32f10x_tim.o(i.TIM_DMAConfig), (10 bytes).
    Removing stm32f10x_tim.o(i.TIM_DeInit), (488 bytes).
    Removing stm32f10x_tim.o(i.TIM_ETRClockMode1Config), (54 bytes).
    Removing stm32f10x_tim.o(i.TIM_ETRClockMode2Config), (32 bytes).
    Removing stm32f10x_tim.o(i.TIM_ETRConfig), (28 bytes).
    Removing stm32f10x_tim.o(i.TIM_EncoderInterfaceConfig), (66 bytes).
    Removing stm32f10x_tim.o(i.TIM_ForcedOC1Config), (18 bytes).
    Removing stm32f10x_tim.o(i.TIM_ForcedOC2Config), (26 bytes).
    Removing stm32f10x_tim.o(i.TIM_ForcedOC3Config), (18 bytes).
    Removing stm32f10x_tim.o(i.TIM_ForcedOC4Config), (26 bytes).
    Removing stm32f10x_tim.o(i.TIM_GenerateEvent), (4 bytes).
    Removing stm32f10x_tim.o(i.TIM_GetCapture1), (6 bytes).
    Removing stm32f10x_tim.o(i.TIM_GetCapture2), (6 bytes).
    Removing stm32f10x_tim.o(i.TIM_GetCapture3), (6 bytes).
    Removing stm32f10x_tim.o(i.TIM_GetCapture4), (8 bytes).
    Removing stm32f10x_tim.o(i.TIM_GetCounter), (6 bytes).
    Removing stm32f10x_tim.o(i.TIM_GetFlagStatus), (18 bytes).
    Removing stm32f10x_tim.o(i.TIM_GetITStatus), (34 bytes).
    Removing stm32f10x_tim.o(i.TIM_GetPrescaler), (6 bytes).
    Removing stm32f10x_tim.o(i.TIM_ICInit), (172 bytes).
    Removing stm32f10x_tim.o(i.TIM_ICStructInit), (18 bytes).
    Removing stm32f10x_tim.o(i.TIM_ITConfig), (18 bytes).
    Removing stm32f10x_tim.o(i.TIM_ITRxExternalClockConfig), (24 bytes).
    Removing stm32f10x_tim.o(i.TIM_InternalClockConfig), (12 bytes).
    Removing stm32f10x_tim.o(i.TIM_OC1FastConfig), (18 bytes).
    Removing stm32f10x_tim.o(i.TIM_OC1Init), (152 bytes).
    Removing stm32f10x_tim.o(i.TIM_OC1NPolarityConfig), (18 bytes).
    Removing stm32f10x_tim.o(i.TIM_OC1PolarityConfig), (18 bytes).
    Removing stm32f10x_tim.o(i.TIM_OC1PreloadConfig), (18 bytes).
    Removing stm32f10x_tim.o(i.TIM_OC2FastConfig), (26 bytes).
    Removing stm32f10x_tim.o(i.TIM_OC2Init), (164 bytes).
    Removing stm32f10x_tim.o(i.TIM_OC2NPolarityConfig), (26 bytes).
    Removing stm32f10x_tim.o(i.TIM_OC2PolarityConfig), (26 bytes).
    Removing stm32f10x_tim.o(i.TIM_OC2PreloadConfig), (26 bytes).
    Removing stm32f10x_tim.o(i.TIM_OC3FastConfig), (18 bytes).
    Removing stm32f10x_tim.o(i.TIM_OC3Init), (160 bytes).
    Removing stm32f10x_tim.o(i.TIM_OC3NPolarityConfig), (26 bytes).
    Removing stm32f10x_tim.o(i.TIM_OC3PolarityConfig), (26 bytes).
    Removing stm32f10x_tim.o(i.TIM_OC3PreloadConfig), (18 bytes).
    Removing stm32f10x_tim.o(i.TIM_OC4FastConfig), (26 bytes).
    Removing stm32f10x_tim.o(i.TIM_OC4Init), (124 bytes).
    Removing stm32f10x_tim.o(i.TIM_OC4PolarityConfig), (26 bytes).
    Removing stm32f10x_tim.o(i.TIM_OC4PreloadConfig), (26 bytes).
    Removing stm32f10x_tim.o(i.TIM_OCStructInit), (20 bytes).
    Removing stm32f10x_tim.o(i.TIM_PWMIConfig), (124 bytes).
    Removing stm32f10x_tim.o(i.TIM_PrescalerConfig), (6 bytes).
    Removing stm32f10x_tim.o(i.TIM_SelectCCDMA), (24 bytes).
    Removing stm32f10x_tim.o(i.TIM_SelectCOM), (24 bytes).
    Removing stm32f10x_tim.o(i.TIM_SelectHallSensor), (24 bytes).
    Removing stm32f10x_tim.o(i.TIM_SelectInputTrigger), (18 bytes).
    Removing stm32f10x_tim.o(i.TIM_SelectMasterSlaveMode), (18 bytes).
    Removing stm32f10x_tim.o(i.TIM_SelectOCxM), (82 bytes).
    Removing stm32f10x_tim.o(i.TIM_SelectOnePulseMode), (18 bytes).
    Removing stm32f10x_tim.o(i.TIM_SelectOutputTrigger), (18 bytes).
    Removing stm32f10x_tim.o(i.TIM_SelectSlaveMode), (18 bytes).
    Removing stm32f10x_tim.o(i.TIM_SetAutoreload), (4 bytes).
    Removing stm32f10x_tim.o(i.TIM_SetClockDivision), (18 bytes).
    Removing stm32f10x_tim.o(i.TIM_SetCompare1), (4 bytes).
    Removing stm32f10x_tim.o(i.TIM_SetCompare2), (4 bytes).
    Removing stm32f10x_tim.o(i.TIM_SetCompare3), (4 bytes).
    Removing stm32f10x_tim.o(i.TIM_SetCompare4), (6 bytes).
    Removing stm32f10x_tim.o(i.TIM_SetCounter), (4 bytes).
    Removing stm32f10x_tim.o(i.TIM_SetIC1Prescaler), (18 bytes).
    Removing stm32f10x_tim.o(i.TIM_SetIC2Prescaler), (26 bytes).
    Removing stm32f10x_tim.o(i.TIM_SetIC3Prescaler), (18 bytes).
    Removing stm32f10x_tim.o(i.TIM_SetIC4Prescaler), (26 bytes).
    Removing stm32f10x_tim.o(i.TIM_TIxExternalClockConfig), (62 bytes).
    Removing stm32f10x_tim.o(i.TIM_TimeBaseInit), (164 bytes).
    Removing stm32f10x_tim.o(i.TIM_TimeBaseStructInit), (18 bytes).
    Removing stm32f10x_tim.o(i.TIM_UpdateDisableConfig), (24 bytes).
    Removing stm32f10x_tim.o(i.TIM_UpdateRequestConfig), (24 bytes).
    Removing stm32f10x_usart.o(i.USART_ClearFlag), (18 bytes).
    Removing stm32f10x_usart.o(i.USART_ClearITPendingBit), (30 bytes).
    Removing stm32f10x_usart.o(i.USART_ClockInit), (34 bytes).
    Removing stm32f10x_usart.o(i.USART_ClockStructInit), (12 bytes).
    Removing stm32f10x_usart.o(i.USART_Cmd), (24 bytes).
    Removing stm32f10x_usart.o(i.USART_DMACmd), (18 bytes).
    Removing stm32f10x_usart.o(i.USART_DeInit), (156 bytes).
    Removing stm32f10x_usart.o(i.USART_GetFlagStatus), (26 bytes).
    Removing stm32f10x_usart.o(i.USART_GetITStatus), (84 bytes).
    Removing stm32f10x_usart.o(i.USART_HalfDuplexCmd), (24 bytes).
    Removing stm32f10x_usart.o(i.USART_ITConfig), (74 bytes).
    Removing stm32f10x_usart.o(i.USART_Init), (216 bytes).
    Removing stm32f10x_usart.o(i.USART_IrDACmd), (24 bytes).
    Removing stm32f10x_usart.o(i.USART_IrDAConfig), (18 bytes).
    Removing stm32f10x_usart.o(i.USART_LINBreakDetectLengthConfig), (18 bytes).
    Removing stm32f10x_usart.o(i.USART_LINCmd), (24 bytes).
    Removing stm32f10x_usart.o(i.USART_OneBitMethodCmd), (24 bytes).
    Removing stm32f10x_usart.o(i.USART_OverSampling8Cmd), (22 bytes).
    Removing stm32f10x_usart.o(i.USART_ReceiveData), (10 bytes).
    Removing stm32f10x_usart.o(i.USART_ReceiverWakeUpCmd), (24 bytes).
    Removing stm32f10x_usart.o(i.USART_SendBreak), (10 bytes).
    Removing stm32f10x_usart.o(i.USART_SendData), (8 bytes).
    Removing stm32f10x_usart.o(i.USART_SetAddress), (18 bytes).
    Removing stm32f10x_usart.o(i.USART_SetGuardTime), (16 bytes).
    Removing stm32f10x_usart.o(i.USART_SetPrescaler), (16 bytes).
    Removing stm32f10x_usart.o(i.USART_SmartCardCmd), (24 bytes).
    Removing stm32f10x_usart.o(i.USART_SmartCardNACKCmd), (24 bytes).
    Removing stm32f10x_usart.o(i.USART_StructInit), (24 bytes).
    Removing stm32f10x_usart.o(i.USART_WakeUpConfig), (18 bytes).
    Removing stm32f10x_wwdg.o(i.WWDG_ClearFlag), (12 bytes).
    Removing stm32f10x_wwdg.o(i.WWDG_DeInit), (22 bytes).
    Removing stm32f10x_wwdg.o(i.WWDG_Enable), (16 bytes).
    Removing stm32f10x_wwdg.o(i.WWDG_EnableIT), (12 bytes).
    Removing stm32f10x_wwdg.o(i.WWDG_GetFlagStatus), (12 bytes).
    Removing stm32f10x_wwdg.o(i.WWDG_SetCounter), (16 bytes).
    Removing stm32f10x_wwdg.o(i.WWDG_SetPrescaler), (24 bytes).
    Removing stm32f10x_wwdg.o(i.WWDG_SetWindowValue), (40 bytes).
    Removing tim.o(i.TIM3_Config), (60 bytes).
    Removing nrf24l01.o(i.NRF24L01_RxPacket), (52 bytes).
    Removing nrf24l01.o(i.RX_Mode), (88 bytes).

443 unused section(s) (total 17842 bytes) removed from the image.

==============================================================================

Image Symbol Table

    Local Symbols

    Symbol Name                              Value     Ov Type        Size  Object(Section)

    ../clib/angel/boardlib.s                 0x00000000   Number         0  boardshut.o ABSOLUTE
    ../clib/angel/boardlib.s                 0x00000000   Number         0  boardinit3.o ABSOLUTE
    ../clib/angel/boardlib.s                 0x00000000   Number         0  boardinit1.o ABSOLUTE
    ../clib/angel/boardlib.s                 0x00000000   Number         0  boardinit2.o ABSOLUTE
    ../clib/angel/handlers.s                 0x00000000   Number         0  __scatter_zi.o ABSOLUTE
    ../clib/angel/handlers.s                 0x00000000   Number         0  __scatter_copy.o ABSOLUTE
    ../clib/angel/kernel.s                   0x00000000   Number         0  __rtentry.o ABSOLUTE
    ../clib/angel/kernel.s                   0x00000000   Number         0  rtexit2.o ABSOLUTE
    ../clib/angel/kernel.s                   0x00000000   Number         0  __rtentry2.o ABSOLUTE
    ../clib/angel/kernel.s                   0x00000000   Number         0  __rtentry4.o ABSOLUTE
    ../clib/angel/kernel.s                   0x00000000   Number         0  rtexit.o ABSOLUTE
    ../clib/angel/rt.s                       0x00000000   Number         0  rt_raise.o ABSOLUTE
    ../clib/angel/scatter.s                  0x00000000   Number         0  __scatter.o ABSOLUTE
    ../clib/angel/startup.s                  0x00000000   Number         0  __main.o ABSOLUTE
    ../clib/angel/sys.s                      0x00000000   Number         0  indicate_semi.o ABSOLUTE
    ../clib/angel/sys.s                      0x00000000   Number         0  libspace.o ABSOLUTE
    ../clib/angel/sys.s                      0x00000000   Number         0  use_no_semi.o ABSOLUTE
    ../clib/angel/sys.s                      0x00000000   Number         0  sys_stackheap_outer.o ABSOLUTE
    ../clib/angel/sysapp.c                   0x00000000   Number         0  sys_command.o ABSOLUTE
    ../clib/angel/sysapp.c                   0x00000000   Number         0  sys_wrch.o ABSOLUTE
    ../clib/angel/sysapp.c                   0x00000000   Number         0  sys_exit.o ABSOLUTE
    ../clib/armsys.c                         0x00000000   Number         0  no_argv.o ABSOLUTE
    ../clib/armsys.c                         0x00000000   Number         0  _get_argv_nomalloc.o ABSOLUTE
    ../clib/armsys.c                         0x00000000   Number         0  argv_veneer.o ABSOLUTE
    ../clib/armsys.c                         0x00000000   Number         0  argv_veneer.o ABSOLUTE
    ../clib/heapalloc.c                      0x00000000   Number         0  hrguard.o ABSOLUTE
    ../clib/heapaux.c                        0x00000000   Number         0  heapauxi.o ABSOLUTE
    ../clib/libinit.s                        0x00000000   Number         0  libshutdown.o ABSOLUTE
    ../clib/libinit.s                        0x00000000   Number         0  libinit.o ABSOLUTE
    ../clib/libinit.s                        0x00000000   Number         0  libinit2.o ABSOLUTE
    ../clib/libinit.s                        0x00000000   Number         0  libshutdown2.o ABSOLUTE
    ../clib/signal.c                         0x00000000   Number         0  defsig_exit.o ABSOLUTE
    ../clib/signal.c                         0x00000000   Number         0  defsig_segv_inner.o ABSOLUTE
    ../clib/signal.c                         0x00000000   Number         0  defsig_stak_inner.o ABSOLUTE
    ../clib/signal.c                         0x00000000   Number         0  defsig_other.o ABSOLUTE
    ../clib/signal.c                         0x00000000   Number         0  defsig_rtred_inner.o ABSOLUTE
    ../clib/signal.c                         0x00000000   Number         0  defsig_fpe_inner.o ABSOLUTE
    ../clib/signal.c                         0x00000000   Number         0  defsig_rtmem_formal.o ABSOLUTE
    ../clib/signal.c                         0x00000000   Number         0  defsig_abrt_inner.o ABSOLUTE
    ../clib/signal.c                         0x00000000   Number         0  defsig_cppl_inner.o ABSOLUTE
    ../clib/signal.c                         0x00000000   Number         0  defsig_rtmem_outer.o ABSOLUTE
    ../clib/signal.c                         0x00000000   Number         0  defsig_general.o ABSOLUTE
    ../clib/signal.c                         0x00000000   Number         0  __raise.o ABSOLUTE
    ../clib/signal.c                         0x00000000   Number         0  defsig_pvfn_inner.o ABSOLUTE
    ../clib/signal.c                         0x00000000   Number         0  defsig_rtmem_inner.o ABSOLUTE
    ../clib/signal.s                         0x00000000   Number         0  defsig.o ABSOLUTE
    ../clib/stdlib.c                         0x00000000   Number         0  exit.o ABSOLUTE
    ../fplib/faddsub.s                       0x00000000   Number         0  faddsub_clz.o ABSOLUTE
    ../fplib/ffixu.s                         0x00000000   Number         0  ffixu.o ABSOLUTE
    ../fplib/fflt.s                          0x00000000   Number         0  fflt_clz.o ABSOLUTE
    ../fplib/fmul.s                          0x00000000   Number         0  fmul.o ABSOLUTE
    ../fplib/fnaninf.s                       0x00000000   Number         0  fnaninf.o ABSOLUTE
    ../fplib/fpinit.s                        0x00000000   Number         0  fpinit.o ABSOLUTE
    ../fplib/fretinf.s                       0x00000000   Number         0  fretinf.o ABSOLUTE
    ../fplib/usenofp.s                       0x00000000   Number         0  usenofp.o ABSOLUTE
    BSP\EEPROM.c                             0x00000000   Number         0  eeprom.o ABSOLUTE
    CONFIG\ADC_DMA_Config.c                  0x00000000   Number         0  adc_dma_config.o ABSOLUTE
    CONFIG\IIC_SOFTWARE.c                    0x00000000   Number         0  iic_software.o ABSOLUTE
    CONFIG\Spi.c                             0x00000000   Number         0  spi.o ABSOLUTE
    CONFIG\TIM.c                             0x00000000   Number         0  tim.o ABSOLUTE
    HAL\remote.c                             0x00000000   Number         0  remote.o ABSOLUTE
    HARDWARE\nrf24l01.c                      0x00000000   Number         0  nrf24l01.o ABSOLUTE
    Lib\src\misc.c                           0x00000000   Number         0  misc.o ABSOLUTE
    Lib\src\stm32f10x_adc.c                  0x00000000   Number         0  stm32f10x_adc.o ABSOLUTE
    Lib\src\stm32f10x_bkp.c                  0x00000000   Number         0  stm32f10x_bkp.o ABSOLUTE
    Lib\src\stm32f10x_can.c                  0x00000000   Number         0  stm32f10x_can.o ABSOLUTE
    Lib\src\stm32f10x_cec.c                  0x00000000   Number         0  stm32f10x_cec.o ABSOLUTE
    Lib\src\stm32f10x_crc.c                  0x00000000   Number         0  stm32f10x_crc.o ABSOLUTE
    Lib\src\stm32f10x_dac.c                  0x00000000   Number         0  stm32f10x_dac.o ABSOLUTE
    Lib\src\stm32f10x_dbgmcu.c               0x00000000   Number         0  stm32f10x_dbgmcu.o ABSOLUTE
    Lib\src\stm32f10x_dma.c                  0x00000000   Number         0  stm32f10x_dma.o ABSOLUTE
    Lib\src\stm32f10x_exti.c                 0x00000000   Number         0  stm32f10x_exti.o ABSOLUTE
    Lib\src\stm32f10x_flash.c                0x00000000   Number         0  stm32f10x_flash.o ABSOLUTE
    Lib\src\stm32f10x_fsmc.c                 0x00000000   Number         0  stm32f10x_fsmc.o ABSOLUTE
    Lib\src\stm32f10x_gpio.c                 0x00000000   Number         0  stm32f10x_gpio.o ABSOLUTE
    Lib\src\stm32f10x_i2c.c                  0x00000000   Number         0  stm32f10x_i2c.o ABSOLUTE
    Lib\src\stm32f10x_iwdg.c                 0x00000000   Number         0  stm32f10x_iwdg.o ABSOLUTE
    Lib\src\stm32f10x_pwr.c                  0x00000000   Number         0  stm32f10x_pwr.o ABSOLUTE
    Lib\src\stm32f10x_rcc.c                  0x00000000   Number         0  stm32f10x_rcc.o ABSOLUTE
    Lib\src\stm32f10x_rtc.c                  0x00000000   Number         0  stm32f10x_rtc.o ABSOLUTE
    Lib\src\stm32f10x_sdio.c                 0x00000000   Number         0  stm32f10x_sdio.o ABSOLUTE
    Lib\src\stm32f10x_spi.c                  0x00000000   Number         0  stm32f10x_spi.o ABSOLUTE
    Lib\src\stm32f10x_tim.c                  0x00000000   Number         0  stm32f10x_tim.o ABSOLUTE
    Lib\src\stm32f10x_usart.c                0x00000000   Number         0  stm32f10x_usart.o ABSOLUTE
    Lib\src\stm32f10x_wwdg.c                 0x00000000   Number         0  stm32f10x_wwdg.o ABSOLUTE
    StartUp\\core_cm3.c                      0x00000000   Number         0  core_cm3.o ABSOLUTE
    StartUp\core_cm3.c                       0x00000000   Number         0  core_cm3.o ABSOLUTE
    StartUp\startup_stm32f10x_md.s           0x00000000   Number         0  startup_stm32f10x_md.o ABSOLUTE
    StartUp\stm32f10x_it.c                   0x00000000   Number         0  stm32f10x_it.o ABSOLUTE
    StartUp\system_stm32f10x.c               0x00000000   Number         0  system_stm32f10x.o ABSOLUTE
    USER\delay.c                             0x00000000   Number         0  delay.o ABSOLUTE
    USER\main.c                              0x00000000   Number         0  main.o ABSOLUTE
    USER\sys.c                               0x00000000   Number         0  sys.o ABSOLUTE
    dc.s                                     0x00000000   Number         0  dc.o ABSOLUTE
    RESET                                    0x08000000   Section      236  startup_stm32f10x_md.o(RESET)
    !!!main                                  0x080000ec   Section        8  __main.o(!!!main)
    !!!scatter                               0x080000f4   Section       52  __scatter.o(!!!scatter)
    !!handler_copy                           0x08000128   Section       26  __scatter_copy.o(!!handler_copy)
    !!handler_zi                             0x08000144   Section       28  __scatter_zi.o(!!handler_zi)
    .ARM.Collect$$libinit$$00000000          0x08000160   Section        2  libinit.o(.ARM.Collect$$libinit$$00000000)
    .ARM.Collect$$libinit$$00000002          0x08000162   Section        0  libinit2.o(.ARM.Collect$$libinit$$00000002)
    .ARM.Collect$$libinit$$00000004          0x08000162   Section        0  libinit2.o(.ARM.Collect$$libinit$$00000004)
    .ARM.Collect$$libinit$$0000000A          0x08000162   Section        0  libinit2.o(.ARM.Collect$$libinit$$0000000A)
    .ARM.Collect$$libinit$$0000000C          0x08000162   Section        0  libinit2.o(.ARM.Collect$$libinit$$0000000C)
    .ARM.Collect$$libinit$$0000000E          0x08000162   Section        0  libinit2.o(.ARM.Collect$$libinit$$0000000E)
    .ARM.Collect$$libinit$$00000011          0x08000162   Section        0  libinit2.o(.ARM.Collect$$libinit$$00000011)
    .ARM.Collect$$libinit$$00000013          0x08000162   Section        0  libinit2.o(.ARM.Collect$$libinit$$00000013)
    .ARM.Collect$$libinit$$00000015          0x08000162   Section        0  libinit2.o(.ARM.Collect$$libinit$$00000015)
    .ARM.Collect$$libinit$$00000017          0x08000162   Section        0  libinit2.o(.ARM.Collect$$libinit$$00000017)
    .ARM.Collect$$libinit$$00000019          0x08000162   Section        0  libinit2.o(.ARM.Collect$$libinit$$00000019)
    .ARM.Collect$$libinit$$0000001B          0x08000162   Section        0  libinit2.o(.ARM.Collect$$libinit$$0000001B)
    .ARM.Collect$$libinit$$0000001D          0x08000162   Section        0  libinit2.o(.ARM.Collect$$libinit$$0000001D)
    .ARM.Collect$$libinit$$0000001F          0x08000162   Section        0  libinit2.o(.ARM.Collect$$libinit$$0000001F)
    .ARM.Collect$$libinit$$00000021          0x08000162   Section        0  libinit2.o(.ARM.Collect$$libinit$$00000021)
    .ARM.Collect$$libinit$$00000023          0x08000162   Section        0  libinit2.o(.ARM.Collect$$libinit$$00000023)
    .ARM.Collect$$libinit$$00000025          0x08000162   Section        0  libinit2.o(.ARM.Collect$$libinit$$00000025)
    .ARM.Collect$$libinit$$0000002C          0x08000162   Section        0  libinit2.o(.ARM.Collect$$libinit$$0000002C)
    .ARM.Collect$$libinit$$0000002E          0x08000162   Section        0  libinit2.o(.ARM.Collect$$libinit$$0000002E)
    .ARM.Collect$$libinit$$00000030          0x08000162   Section        0  libinit2.o(.ARM.Collect$$libinit$$00000030)
    .ARM.Collect$$libinit$$00000032          0x08000162   Section        0  libinit2.o(.ARM.Collect$$libinit$$00000032)
    .ARM.Collect$$libinit$$00000033          0x08000162   Section        2  libinit2.o(.ARM.Collect$$libinit$$00000033)
    .ARM.Collect$$libshutdown$$00000000      0x08000164   Section        2  libshutdown.o(.ARM.Collect$$libshutdown$$00000000)
    .ARM.Collect$$libshutdown$$00000003      0x08000166   Section        0  libshutdown2.o(.ARM.Collect$$libshutdown$$00000003)
    .ARM.Collect$$libshutdown$$00000006      0x08000166   Section        0  libshutdown2.o(.ARM.Collect$$libshutdown$$00000006)
    .ARM.Collect$$libshutdown$$00000009      0x08000166   Section        0  libshutdown2.o(.ARM.Collect$$libshutdown$$00000009)
    .ARM.Collect$$libshutdown$$0000000B      0x08000166   Section        0  libshutdown2.o(.ARM.Collect$$libshutdown$$0000000B)
    .ARM.Collect$$libshutdown$$0000000E      0x08000166   Section        0  libshutdown2.o(.ARM.Collect$$libshutdown$$0000000E)
    .ARM.Collect$$libshutdown$$0000000F      0x08000166   Section        2  libshutdown2.o(.ARM.Collect$$libshutdown$$0000000F)
    .ARM.Collect$$rtentry$$00000000          0x08000168   Section        0  __rtentry.o(.ARM.Collect$$rtentry$$00000000)
    .ARM.Collect$$rtentry$$00000002          0x08000168   Section        0  __rtentry2.o(.ARM.Collect$$rtentry$$00000002)
    .ARM.Collect$$rtentry$$00000004          0x08000168   Section        6  __rtentry4.o(.ARM.Collect$$rtentry$$00000004)
    .ARM.Collect$$rtentry$$00000009          0x0800016e   Section        0  __rtentry2.o(.ARM.Collect$$rtentry$$00000009)
    .ARM.Collect$$rtentry$$0000000A          0x0800016e   Section        4  __rtentry2.o(.ARM.Collect$$rtentry$$0000000A)
    .ARM.Collect$$rtentry$$0000000C          0x08000172   Section        0  __rtentry2.o(.ARM.Collect$$rtentry$$0000000C)
    .ARM.Collect$$rtentry$$0000000D          0x08000172   Section        8  __rtentry2.o(.ARM.Collect$$rtentry$$0000000D)
    .ARM.Collect$$rtexit$$00000000           0x0800017a   Section        2  rtexit.o(.ARM.Collect$$rtexit$$00000000)
    .ARM.Collect$$rtexit$$00000002           0x0800017c   Section        0  rtexit2.o(.ARM.Collect$$rtexit$$00000002)
    .ARM.Collect$$rtexit$$00000003           0x0800017c   Section        4  rtexit2.o(.ARM.Collect$$rtexit$$00000003)
    .ARM.Collect$$rtexit$$00000004           0x08000180   Section        6  rtexit2.o(.ARM.Collect$$rtexit$$00000004)
    .text                                    0x08000188   Section       64  startup_stm32f10x_md.o(.text)
    .text                                    0x080001c8   Section        0  heapauxi.o(.text)
    .text                                    0x080001ce   Section       74  sys_stackheap_outer.o(.text)
    .text                                    0x08000218   Section        0  exit.o(.text)
    .text                                    0x08000224   Section        8  libspace.o(.text)
    .text                                    0x0800022c   Section        0  sys_exit.o(.text)
    .text                                    0x08000238   Section        2  use_no_semi.o(.text)
    .text                                    0x0800023a   Section        0  indicate_semi.o(.text)
    i.ADC1_GPIO_Config                       0x0800023c   Section        0  adc_dma_config.o(i.ADC1_GPIO_Config)
    i.ADC1_Mode_Config                       0x0800026c   Section        0  adc_dma_config.o(i.ADC1_Mode_Config)
    i.ADC_Cmd                                0x08000374   Section        0  stm32f10x_adc.o(i.ADC_Cmd)
    i.ADC_DMACmd                             0x0800038a   Section        0  stm32f10x_adc.o(i.ADC_DMACmd)
    i.ADC_GetCalibrationStatus               0x080003a0   Section        0  stm32f10x_adc.o(i.ADC_GetCalibrationStatus)
    i.ADC_GetResetCalibrationStatus          0x080003b4   Section        0  stm32f10x_adc.o(i.ADC_GetResetCalibrationStatus)
    i.ADC_Init                               0x080003c8   Section        0  stm32f10x_adc.o(i.ADC_Init)
    i.ADC_RegularChannelConfig               0x08000418   Section        0  stm32f10x_adc.o(i.ADC_RegularChannelConfig)
    i.ADC_ResetCalibration                   0x080004d0   Section        0  stm32f10x_adc.o(i.ADC_ResetCalibration)
    i.ADC_SoftwareStartConvCmd               0x080004da   Section        0  stm32f10x_adc.o(i.ADC_SoftwareStartConvCmd)
    i.ADC_StartCalibration                   0x080004f0   Section        0  stm32f10x_adc.o(i.ADC_StartCalibration)
    i.BEEP_INIT                              0x080004fc   Section        0  main.o(i.BEEP_INIT)
    i.BusFault_Handler                       0x08000534   Section        0  stm32f10x_it.o(i.BusFault_Handler)
    i.DMA_Cmd                                0x08000538   Section        0  stm32f10x_dma.o(i.DMA_Cmd)
    i.DMA_DeInit                             0x08000550   Section        0  stm32f10x_dma.o(i.DMA_DeInit)
    i.DMA_Init                               0x0800069c   Section        0  stm32f10x_dma.o(i.DMA_Init)
    i.DebugMon_Handler                       0x080006d8   Section        0  stm32f10x_it.o(i.DebugMon_Handler)
    i.FLASH_PrefetchBufferCmd                0x080006dc   Section        0  stm32f10x_flash.o(i.FLASH_PrefetchBufferCmd)
    i.FLASH_SetLatency                       0x080006f8   Section        0  stm32f10x_flash.o(i.FLASH_SetLatency)
    i.GPIO_Init                              0x08000710   Section        0  stm32f10x_gpio.o(i.GPIO_Init)
    i.GPIO_SetBits                           0x08000826   Section        0  stm32f10x_gpio.o(i.GPIO_SetBits)
    i.GetSysTime_us                          0x0800082c   Section        0  delay.o(i.GetSysTime_us)
    i.HardFault_Handler                      0x08000870   Section        0  stm32f10x_it.o(i.HardFault_Handler)
    i.I2c_Ack                                0x08000874   Section        0  iic_software.o(i.I2c_Ack)
    I2c_Ack                                  0x08000875   Thumb Code   198  iic_software.o(i.I2c_Ack)
    i.I2c_NoAck                              0x08000940   Section        0  iic_software.o(i.I2c_NoAck)
    I2c_NoAck                                0x08000941   Thumb Code   200  iic_software.o(i.I2c_NoAck)
    i.I2c_ReadByte                           0x08000a0c   Section        0  iic_software.o(i.I2c_ReadByte)
    I2c_ReadByte                             0x08000a0d   Thumb Code   188  iic_software.o(i.I2c_ReadByte)
    i.I2c_SendByte                           0x08000acc   Section        0  iic_software.o(i.I2c_SendByte)
    I2c_SendByte                             0x08000acd   Thumb Code   186  iic_software.o(i.I2c_SendByte)
    i.I2c_Start                              0x08000b8c   Section        0  iic_software.o(i.I2c_Start)
    I2c_Start                                0x08000b8d   Thumb Code   144  iic_software.o(i.I2c_Start)
    i.I2c_Stop                               0x08000c20   Section        0  iic_software.o(i.I2c_Stop)
    I2c_Stop                                 0x08000c21   Thumb Code   152  iic_software.o(i.I2c_Stop)
    i.I2c_WaitAck                            0x08000cbc   Section        0  iic_software.o(i.I2c_WaitAck)
    I2c_WaitAck                              0x08000cbd   Thumb Code   176  iic_software.o(i.I2c_WaitAck)
    i.IIC_Init                               0x08000d70   Section        0  iic_software.o(i.IIC_Init)
    i.IIC_Read_One_Byte                      0x08000dac   Section        0  iic_software.o(i.IIC_Read_One_Byte)
    i.IIC_Write_Bytes                        0x08000e10   Section        0  iic_software.o(i.IIC_Write_Bytes)
    i.IIC_Write_One_Byte                     0x08000e70   Section        0  iic_software.o(i.IIC_Write_One_Byte)
    i.IIC_read_Bytes                         0x08000eb4   Section        0  iic_software.o(i.IIC_read_Bytes)
    i.MemManage_Handler                      0x08000f34   Section        0  stm32f10x_it.o(i.MemManage_Handler)
    i.NMI_Handler                            0x08000f38   Section        0  stm32f10x_it.o(i.NMI_Handler)
    i.NRF24L01_Check                         0x08000f3c   Section        0  nrf24l01.o(i.NRF24L01_Check)
    i.NRF24L01_Configuration                 0x08000f88   Section        0  nrf24l01.o(i.NRF24L01_Configuration)
    i.NRF24L01_Read_Buf                      0x08001028   Section        0  nrf24l01.o(i.NRF24L01_Read_Buf)
    i.NRF24L01_Read_Reg                      0x0800106c   Section        0  nrf24l01.o(i.NRF24L01_Read_Reg)
    i.NRF24L01_TxPacket                      0x08001098   Section        0  nrf24l01.o(i.NRF24L01_TxPacket)
    i.NRF24L01_Write_Buf                     0x080010ec   Section        0  nrf24l01.o(i.NRF24L01_Write_Buf)
    i.NRF24L01_Write_Reg                     0x08001130   Section        0  nrf24l01.o(i.NRF24L01_Write_Reg)
    i.NRF24L01_init                          0x08001160   Section        0  nrf24l01.o(i.NRF24L01_init)
    i.NRF_SEND                               0x08001178   Section        0  remote.o(i.NRF_SEND)
    i.NVIC_Configuration                     0x080011ec   Section        0  main.o(i.NVIC_Configuration)
    i.NVIC_Init                              0x08001234   Section        0  misc.o(i.NVIC_Init)
    i.NVIC_PriorityGroupConfig               0x080012a4   Section        0  misc.o(i.NVIC_PriorityGroupConfig)
    i.PendSV_Handler                         0x080012b8   Section        0  stm32f10x_it.o(i.PendSV_Handler)
    i.RCC_ADCCLKConfig                       0x080012bc   Section        0  stm32f10x_rcc.o(i.RCC_ADCCLKConfig)
    i.RCC_AHBPeriphClockCmd                  0x080012d4   Section        0  stm32f10x_rcc.o(i.RCC_AHBPeriphClockCmd)
    i.RCC_APB1PeriphClockCmd                 0x080012f4   Section        0  stm32f10x_rcc.o(i.RCC_APB1PeriphClockCmd)
    i.RCC_APB2PeriphClockCmd                 0x08001314   Section        0  stm32f10x_rcc.o(i.RCC_APB2PeriphClockCmd)
    i.RCC_Configuration                      0x08001334   Section        0  main.o(i.RCC_Configuration)
    i.RCC_DeInit                             0x080013b0   Section        0  stm32f10x_rcc.o(i.RCC_DeInit)
    i.RCC_GetClocksFreq                      0x080013fc   Section        0  stm32f10x_rcc.o(i.RCC_GetClocksFreq)
    i.RCC_GetFlagStatus                      0x080014d0   Section        0  stm32f10x_rcc.o(i.RCC_GetFlagStatus)
    i.RCC_GetSYSCLKSource                    0x0800150c   Section        0  stm32f10x_rcc.o(i.RCC_GetSYSCLKSource)
    i.RCC_HCLKConfig                         0x0800151c   Section        0  stm32f10x_rcc.o(i.RCC_HCLKConfig)
    i.RCC_HSICmd                             0x08001534   Section        0  stm32f10x_rcc.o(i.RCC_HSICmd)
    i.RCC_PCLK1Config                        0x08001540   Section        0  stm32f10x_rcc.o(i.RCC_PCLK1Config)
    i.RCC_PCLK2Config                        0x08001558   Section        0  stm32f10x_rcc.o(i.RCC_PCLK2Config)
    i.RCC_PLLCmd                             0x08001570   Section        0  stm32f10x_rcc.o(i.RCC_PLLCmd)
    i.RCC_PLLConfig                          0x0800157c   Section        0  stm32f10x_rcc.o(i.RCC_PLLConfig)
    i.RCC_SYSCLKConfig                       0x08001598   Section        0  stm32f10x_rcc.o(i.RCC_SYSCLKConfig)
    i.RC_Analy                               0x080015b0   Section        0  remote.o(i.RC_Analy)
    i.RC_INIT                                0x08001804   Section        0  remote.o(i.RC_INIT)
    i.SPI_Cmd                                0x08001828   Section        0  stm32f10x_spi.o(i.SPI_Cmd)
    i.SPI_Config                             0x08001840   Section        0  spi.o(i.SPI_Config)
    i.SPI_I2S_GetFlagStatus                  0x080018d4   Section        0  stm32f10x_spi.o(i.SPI_I2S_GetFlagStatus)
    i.SPI_I2S_ReceiveData                    0x080018e6   Section        0  stm32f10x_spi.o(i.SPI_I2S_ReceiveData)
    i.SPI_I2S_SendData                       0x080018ec   Section        0  stm32f10x_spi.o(i.SPI_I2S_SendData)
    i.SPI_Init                               0x080018f0   Section        0  stm32f10x_spi.o(i.SPI_Init)
    i.SPI_RW                                 0x0800192c   Section        0  spi.o(i.SPI_RW)
    i.SVC_Handler                            0x08001964   Section        0  stm32f10x_it.o(i.SVC_Handler)
    i.SysTick_Handler                        0x08001968   Section        0  sys.o(i.SysTick_Handler)
    i.SystemInit                             0x08001998   Section        0  system_stm32f10x.o(i.SystemInit)
    i.TX_Mode                                0x080019ac   Section        0  nrf24l01.o(i.TX_Mode)
    i.UsageFault_Handler                     0x08001a14   Section        0  stm32f10x_it.o(i.UsageFault_Handler)
    i._g_Init_sys                            0x08001a18   Section        0  sys.o(i._g_Init_sys)
    i.cycleCounterInit                       0x08001a3c   Section        0  delay.o(i.cycleCounterInit)
    i.delay_ms                               0x08001a60   Section        0  delay.o(i.delay_ms)
    i.key                                    0x08001a84   Section        0  remote.o(i.key)
    i.key_init                               0x08001c40   Section        0  remote.o(i.key_init)
    i.main                                   0x08001ca0   Section        0  main.o(i.main)
    i.read_AT24C02                           0x08001d24   Section        0  eeprom.o(i.read_AT24C02)
    i.test_AT24C02                           0x08001d3a   Section        0  eeprom.o(i.test_AT24C02)
    i.write_AT24C02                          0x08001d66   Section        0  eeprom.o(i.write_AT24C02)
    x$fpl$fadd                               0x08001d80   Section      196  faddsub_clz.o(x$fpl$fadd)
    _fadd1                                   0x08001d8f   Thumb Code     0  faddsub_clz.o(x$fpl$fadd)
    x$fpl$ffixu                              0x08001e44   Section       62  ffixu.o(x$fpl$ffixu)
    x$fpl$ffltu                              0x08001e84   Section       38  fflt_clz.o(x$fpl$ffltu)
    x$fpl$fmul                               0x08001eac   Section      258  fmul.o(x$fpl$fmul)
    x$fpl$fnaninf                            0x08001fae   Section      140  fnaninf.o(x$fpl$fnaninf)
    x$fpl$fretinf                            0x0800203a   Section       10  fretinf.o(x$fpl$fretinf)
    x$fpl$fsub                               0x08002044   Section      234  faddsub_clz.o(x$fpl$fsub)
    _fsub1                                   0x08002053   Thumb Code     0  faddsub_clz.o(x$fpl$fsub)
    .constdata                               0x0800212e   Section       10  nrf24l01.o(.constdata)
    x$fpl$usenofp                            0x0800212e   Section        0  usenofp.o(x$fpl$usenofp)
    .data                                    0x20000000   Section        4  delay.o(.data)
    usTicks                                  0x20000000   Data           4  delay.o(.data)
    .data                                    0x20000004   Section        5  sys.o(.data)
    Count_10ms                               0x20000008   Data           1  sys.o(.data)
    .data                                    0x20000009   Section       20  stm32f10x_rcc.o(.data)
    APBAHBPrescTable                         0x20000009   Data          16  stm32f10x_rcc.o(.data)
    ADCPrescTable                            0x20000019   Data           4  stm32f10x_rcc.o(.data)
    .data                                    0x2000001e   Section        8  adc_dma_config.o(.data)
    .data                                    0x20000028   Section       64  remote.o(.data)
    last_thr                                 0x20000058   Data           2  remote.o(.data)
    last_roll                                0x2000005a   Data           2  remote.o(.data)
    last_pitch                               0x2000005c   Data           2  remote.o(.data)
    last_yaw                                 0x2000005e   Data           2  remote.o(.data)
    status                                   0x20000060   Data           1  remote.o(.data)
    temp                                     0x20000064   Data           4  remote.o(.data)
    .bss                                     0x20000068   Section       10  remote.o(.bss)
    .bss                                     0x20000074   Section       96  libspace.o(.bss)
    HEAP                                     0x200000d8   Section      512  startup_stm32f10x_md.o(HEAP)
    Heap_Mem                                 0x200000d8   Data         512  startup_stm32f10x_md.o(HEAP)
    STACK                                    0x200002d8   Section     1024  startup_stm32f10x_md.o(STACK)
    Stack_Mem                                0x200002d8   Data        1024  startup_stm32f10x_md.o(STACK)
    __initial_sp                             0x200006d8   Data           0  startup_stm32f10x_md.o(STACK)

    Global Symbols

    Symbol Name                              Value     Ov Type        Size  Object(Section)

    BuildAttributes$$THM_ISAv4$P$D$K$B$S$PE$A:L22UL41UL21$X:L11$S22US41US21$IEEE1$IW$USESV6$~STKCKD$USESV7$~SHL$OSPACE$ROPI$EBA8$UX$STANDARDLIB$REQ8$PRES8$EABIv2 0x00000000   Number         0  anon$$obj.o ABSOLUTE
    __ARM_use_no_argv                        0x00000000   Number         0  main.o ABSOLUTE
    __ARM_exceptions_init                     - Undefined Weak Reference
    __alloca_initialize                       - Undefined Weak Reference
    __arm_preinit_                            - Undefined Weak Reference
    __cpp_initialize__aeabi_                  - Undefined Weak Reference
    __cxa_finalize                            - Undefined Weak Reference
    __rt_locale                               - Undefined Weak Reference
    __sigvec_lookup                           - Undefined Weak Reference
    _atexit_init                              - Undefined Weak Reference
    _call_atexit_fns                          - Undefined Weak Reference
    _clock_init                               - Undefined Weak Reference
    _fp_trap_init                             - Undefined Weak Reference
    _fp_trap_shutdown                         - Undefined Weak Reference
    _get_lc_collate                           - Undefined Weak Reference
    _get_lc_ctype                             - Undefined Weak Reference
    _get_lc_monetary                          - Undefined Weak Reference
    _get_lc_numeric                           - Undefined Weak Reference
    _get_lc_time                              - Undefined Weak Reference
    _getenv_init                              - Undefined Weak Reference
    _handle_redirection                       - Undefined Weak Reference
    _init_alloc                               - Undefined Weak Reference
    _init_user_alloc                          - Undefined Weak Reference
    _initio                                   - Undefined Weak Reference
    _rand_init                                - Undefined Weak Reference
    _signal_finish                            - Undefined Weak Reference
    _signal_init                              - Undefined Weak Reference
    _terminate_alloc                          - Undefined Weak Reference
    _terminate_user_alloc                     - Undefined Weak Reference
    _terminateio                              - Undefined Weak Reference
    __Vectors_Size                           0x000000ec   Number         0  startup_stm32f10x_md.o ABSOLUTE
    __Vectors                                0x08000000   Data           4  startup_stm32f10x_md.o(RESET)
    __Vectors_End                            0x080000ec   Data           0  startup_stm32f10x_md.o(RESET)
    __main                                   0x080000ed   Thumb Code     8  __main.o(!!!main)
    __scatterload                            0x080000f5   Thumb Code     0  __scatter.o(!!!scatter)
    __scatterload_rt2                        0x080000f5   Thumb Code    44  __scatter.o(!!!scatter)
    __scatterload_rt2_thumb_only             0x080000f5   Thumb Code     0  __scatter.o(!!!scatter)
    __scatterload_null                       0x08000103   Thumb Code     0  __scatter.o(!!!scatter)
    __scatterload_copy                       0x08000129   Thumb Code    26  __scatter_copy.o(!!handler_copy)
    __scatterload_zeroinit                   0x08000145   Thumb Code    28  __scatter_zi.o(!!handler_zi)
    __rt_lib_init                            0x08000161   Thumb Code     0  libinit.o(.ARM.Collect$$libinit$$00000000)
    __rt_lib_init_alloca_1                   0x08000163   Thumb Code     0  libinit2.o(.ARM.Collect$$libinit$$0000002E)
    __rt_lib_init_argv_1                     0x08000163   Thumb Code     0  libinit2.o(.ARM.Collect$$libinit$$0000002C)
    __rt_lib_init_atexit_1                   0x08000163   Thumb Code     0  libinit2.o(.ARM.Collect$$libinit$$0000001B)
    __rt_lib_init_clock_1                    0x08000163   Thumb Code     0  libinit2.o(.ARM.Collect$$libinit$$00000021)
    __rt_lib_init_cpp_1                      0x08000163   Thumb Code     0  libinit2.o(.ARM.Collect$$libinit$$00000032)
    __rt_lib_init_exceptions_1               0x08000163   Thumb Code     0  libinit2.o(.ARM.Collect$$libinit$$00000030)
    __rt_lib_init_fp_1                       0x08000163   Thumb Code     0  libinit2.o(.ARM.Collect$$libinit$$00000002)
    __rt_lib_init_fp_trap_1                  0x08000163   Thumb Code     0  libinit2.o(.ARM.Collect$$libinit$$0000001F)
    __rt_lib_init_getenv_1                   0x08000163   Thumb Code     0  libinit2.o(.ARM.Collect$$libinit$$00000023)
    __rt_lib_init_heap_1                     0x08000163   Thumb Code     0  libinit2.o(.ARM.Collect$$libinit$$0000000A)
    __rt_lib_init_lc_collate_1               0x08000163   Thumb Code     0  libinit2.o(.ARM.Collect$$libinit$$00000011)
    __rt_lib_init_lc_ctype_1                 0x08000163   Thumb Code     0  libinit2.o(.ARM.Collect$$libinit$$00000013)
    __rt_lib_init_lc_monetary_1              0x08000163   Thumb Code     0  libinit2.o(.ARM.Collect$$libinit$$00000015)
    __rt_lib_init_lc_numeric_1               0x08000163   Thumb Code     0  libinit2.o(.ARM.Collect$$libinit$$00000017)
    __rt_lib_init_lc_time_1                  0x08000163   Thumb Code     0  libinit2.o(.ARM.Collect$$libinit$$00000019)
    __rt_lib_init_preinit_1                  0x08000163   Thumb Code     0  libinit2.o(.ARM.Collect$$libinit$$00000004)
    __rt_lib_init_rand_1                     0x08000163   Thumb Code     0  libinit2.o(.ARM.Collect$$libinit$$0000000E)
    __rt_lib_init_return                     0x08000163   Thumb Code     0  libinit2.o(.ARM.Collect$$libinit$$00000033)
    __rt_lib_init_signal_1                   0x08000163   Thumb Code     0  libinit2.o(.ARM.Collect$$libinit$$0000001D)
    __rt_lib_init_stdio_1                    0x08000163   Thumb Code     0  libinit2.o(.ARM.Collect$$libinit$$00000025)
    __rt_lib_init_user_alloc_1               0x08000163   Thumb Code     0  libinit2.o(.ARM.Collect$$libinit$$0000000C)
    __rt_lib_shutdown                        0x08000165   Thumb Code     0  libshutdown.o(.ARM.Collect$$libshutdown$$00000000)
    __rt_lib_shutdown_fp_trap_1              0x08000167   Thumb Code     0  libshutdown2.o(.ARM.Collect$$libshutdown$$00000006)
    __rt_lib_shutdown_heap_1                 0x08000167   Thumb Code     0  libshutdown2.o(.ARM.Collect$$libshutdown$$0000000E)
    __rt_lib_shutdown_return                 0x08000167   Thumb Code     0  libshutdown2.o(.ARM.Collect$$libshutdown$$0000000F)
    __rt_lib_shutdown_signal_1               0x08000167   Thumb Code     0  libshutdown2.o(.ARM.Collect$$libshutdown$$00000009)
    __rt_lib_shutdown_stdio_1                0x08000167   Thumb Code     0  libshutdown2.o(.ARM.Collect$$libshutdown$$00000003)
    __rt_lib_shutdown_user_alloc_1           0x08000167   Thumb Code     0  libshutdown2.o(.ARM.Collect$$libshutdown$$0000000B)
    __rt_entry                               0x08000169   Thumb Code     0  __rtentry.o(.ARM.Collect$$rtentry$$00000000)
    __rt_entry_presh_1                       0x08000169   Thumb Code     0  __rtentry2.o(.ARM.Collect$$rtentry$$00000002)
    __rt_entry_sh                            0x08000169   Thumb Code     0  __rtentry4.o(.ARM.Collect$$rtentry$$00000004)
    __rt_entry_li                            0x0800016f   Thumb Code     0  __rtentry2.o(.ARM.Collect$$rtentry$$0000000A)
    __rt_entry_postsh_1                      0x0800016f   Thumb Code     0  __rtentry2.o(.ARM.Collect$$rtentry$$00000009)
    __rt_entry_main                          0x08000173   Thumb Code     0  __rtentry2.o(.ARM.Collect$$rtentry$$0000000D)
    __rt_entry_postli_1                      0x08000173   Thumb Code     0  __rtentry2.o(.ARM.Collect$$rtentry$$0000000C)
    __rt_exit                                0x0800017b   Thumb Code     0  rtexit.o(.ARM.Collect$$rtexit$$00000000)
    __rt_exit_ls                             0x0800017d   Thumb Code     0  rtexit2.o(.ARM.Collect$$rtexit$$00000003)
    __rt_exit_prels_1                        0x0800017d   Thumb Code     0  rtexit2.o(.ARM.Collect$$rtexit$$00000002)
    __rt_exit_exit                           0x08000181   Thumb Code     0  rtexit2.o(.ARM.Collect$$rtexit$$00000004)
    Reset_Handler                            0x08000189   Thumb Code     8  startup_stm32f10x_md.o(.text)
    ADC1_2_IRQHandler                        0x080001a3   Thumb Code     0  startup_stm32f10x_md.o(.text)
    CAN1_RX1_IRQHandler                      0x080001a3   Thumb Code     0  startup_stm32f10x_md.o(.text)
    CAN1_SCE_IRQHandler                      0x080001a3   Thumb Code     0  startup_stm32f10x_md.o(.text)
    DMA1_Channel1_IRQHandler                 0x080001a3   Thumb Code     0  startup_stm32f10x_md.o(.text)
    DMA1_Channel2_IRQHandler                 0x080001a3   Thumb Code     0  startup_stm32f10x_md.o(.text)
    DMA1_Channel3_IRQHandler                 0x080001a3   Thumb Code     0  startup_stm32f10x_md.o(.text)
    DMA1_Channel4_IRQHandler                 0x080001a3   Thumb Code     0  startup_stm32f10x_md.o(.text)
    DMA1_Channel5_IRQHandler                 0x080001a3   Thumb Code     0  startup_stm32f10x_md.o(.text)
    DMA1_Channel6_IRQHandler                 0x080001a3   Thumb Code     0  startup_stm32f10x_md.o(.text)
    DMA1_Channel7_IRQHandler                 0x080001a3   Thumb Code     0  startup_stm32f10x_md.o(.text)
    EXTI0_IRQHandler                         0x080001a3   Thumb Code     0  startup_stm32f10x_md.o(.text)
    EXTI15_10_IRQHandler                     0x080001a3   Thumb Code     0  startup_stm32f10x_md.o(.text)
    EXTI1_IRQHandler                         0x080001a3   Thumb Code     0  startup_stm32f10x_md.o(.text)
    EXTI2_IRQHandler                         0x080001a3   Thumb Code     0  startup_stm32f10x_md.o(.text)
    EXTI3_IRQHandler                         0x080001a3   Thumb Code     0  startup_stm32f10x_md.o(.text)
    EXTI4_IRQHandler                         0x080001a3   Thumb Code     0  startup_stm32f10x_md.o(.text)
    EXTI9_5_IRQHandler                       0x080001a3   Thumb Code     0  startup_stm32f10x_md.o(.text)
    FLASH_IRQHandler                         0x080001a3   Thumb Code     0  startup_stm32f10x_md.o(.text)
    I2C1_ER_IRQHandler                       0x080001a3   Thumb Code     0  startup_stm32f10x_md.o(.text)
    I2C1_EV_IRQHandler                       0x080001a3   Thumb Code     0  startup_stm32f10x_md.o(.text)
    I2C2_ER_IRQHandler                       0x080001a3   Thumb Code     0  startup_stm32f10x_md.o(.text)
    I2C2_EV_IRQHandler                       0x080001a3   Thumb Code     0  startup_stm32f10x_md.o(.text)
    PVD_IRQHandler                           0x080001a3   Thumb Code     0  startup_stm32f10x_md.o(.text)
    RCC_IRQHandler                           0x080001a3   Thumb Code     0  startup_stm32f10x_md.o(.text)
    RTCAlarm_IRQHandler                      0x080001a3   Thumb Code     0  startup_stm32f10x_md.o(.text)
    RTC_IRQHandler                           0x080001a3   Thumb Code     0  startup_stm32f10x_md.o(.text)
    SPI1_IRQHandler                          0x080001a3   Thumb Code     0  startup_stm32f10x_md.o(.text)
    SPI2_IRQHandler                          0x080001a3   Thumb Code     0  startup_stm32f10x_md.o(.text)
    TAMPER_IRQHandler                        0x080001a3   Thumb Code     0  startup_stm32f10x_md.o(.text)
    TIM1_BRK_IRQHandler                      0x080001a3   Thumb Code     0  startup_stm32f10x_md.o(.text)
    TIM1_CC_IRQHandler                       0x080001a3   Thumb Code     0  startup_stm32f10x_md.o(.text)
    TIM1_TRG_COM_IRQHandler                  0x080001a3   Thumb Code     0  startup_stm32f10x_md.o(.text)
    TIM1_UP_IRQHandler                       0x080001a3   Thumb Code     0  startup_stm32f10x_md.o(.text)
    TIM2_IRQHandler                          0x080001a3   Thumb Code     0  startup_stm32f10x_md.o(.text)
    TIM3_IRQHandler                          0x080001a3   Thumb Code     0  startup_stm32f10x_md.o(.text)
    TIM4_IRQHandler                          0x080001a3   Thumb Code     0  startup_stm32f10x_md.o(.text)
    USART1_IRQHandler                        0x080001a3   Thumb Code     0  startup_stm32f10x_md.o(.text)
    USART2_IRQHandler                        0x080001a3   Thumb Code     0  startup_stm32f10x_md.o(.text)
    USART3_IRQHandler                        0x080001a3   Thumb Code     0  startup_stm32f10x_md.o(.text)
    USBWakeUp_IRQHandler                     0x080001a3   Thumb Code     0  startup_stm32f10x_md.o(.text)
    USB_HP_CAN1_TX_IRQHandler                0x080001a3   Thumb Code     0  startup_stm32f10x_md.o(.text)
    USB_LP_CAN1_RX0_IRQHandler               0x080001a3   Thumb Code     0  startup_stm32f10x_md.o(.text)
    WWDG_IRQHandler                          0x080001a3   Thumb Code     0  startup_stm32f10x_md.o(.text)
    __user_initial_stackheap                 0x080001a5   Thumb Code     0  startup_stm32f10x_md.o(.text)
    __use_two_region_memory                  0x080001c9   Thumb Code     2  heapauxi.o(.text)
    __rt_heap_escrow$2region                 0x080001cb   Thumb Code     2  heapauxi.o(.text)
    __rt_heap_expand$2region                 0x080001cd   Thumb Code     2  heapauxi.o(.text)
    __user_setup_stackheap                   0x080001cf   Thumb Code    74  sys_stackheap_outer.o(.text)
    exit                                     0x08000219   Thumb Code    12  exit.o(.text)
    __user_libspace                          0x08000225   Thumb Code     8  libspace.o(.text)
    __user_perproc_libspace                  0x08000225   Thumb Code     0  libspace.o(.text)
    __user_perthread_libspace                0x08000225   Thumb Code     0  libspace.o(.text)
    _sys_exit                                0x0800022d   Thumb Code     8  sys_exit.o(.text)
    __I$use$semihosting                      0x08000239   Thumb Code     0  use_no_semi.o(.text)
    __use_no_semihosting_swi                 0x08000239   Thumb Code     2  use_no_semi.o(.text)
    __semihosting_library_function           0x0800023b   Thumb Code     0  indicate_semi.o(.text)
    ADC1_GPIO_Config                         0x0800023d   Thumb Code    42  adc_dma_config.o(i.ADC1_GPIO_Config)
    ADC1_Mode_Config                         0x0800026d   Thumb Code   252  adc_dma_config.o(i.ADC1_Mode_Config)
    ADC_Cmd                                  0x08000375   Thumb Code    22  stm32f10x_adc.o(i.ADC_Cmd)
    ADC_DMACmd                               0x0800038b   Thumb Code    22  stm32f10x_adc.o(i.ADC_DMACmd)
    ADC_GetCalibrationStatus                 0x080003a1   Thumb Code    20  stm32f10x_adc.o(i.ADC_GetCalibrationStatus)
    ADC_GetResetCalibrationStatus            0x080003b5   Thumb Code    20  stm32f10x_adc.o(i.ADC_GetResetCalibrationStatus)
    ADC_Init                                 0x080003c9   Thumb Code    70  stm32f10x_adc.o(i.ADC_Init)
    ADC_RegularChannelConfig                 0x08000419   Thumb Code   184  stm32f10x_adc.o(i.ADC_RegularChannelConfig)
    ADC_ResetCalibration                     0x080004d1   Thumb Code    10  stm32f10x_adc.o(i.ADC_ResetCalibration)
    ADC_SoftwareStartConvCmd                 0x080004db   Thumb Code    22  stm32f10x_adc.o(i.ADC_SoftwareStartConvCmd)
    ADC_StartCalibration                     0x080004f1   Thumb Code    10  stm32f10x_adc.o(i.ADC_StartCalibration)
    BEEP_INIT                                0x080004fd   Thumb Code    50  main.o(i.BEEP_INIT)
    BusFault_Handler                         0x08000535   Thumb Code     4  stm32f10x_it.o(i.BusFault_Handler)
    DMA_Cmd                                  0x08000539   Thumb Code    24  stm32f10x_dma.o(i.DMA_Cmd)
    DMA_DeInit                               0x08000551   Thumb Code   324  stm32f10x_dma.o(i.DMA_DeInit)
    DMA_Init                                 0x0800069d   Thumb Code    60  stm32f10x_dma.o(i.DMA_Init)
    DebugMon_Handler                         0x080006d9   Thumb Code     2  stm32f10x_it.o(i.DebugMon_Handler)
    FLASH_PrefetchBufferCmd                  0x080006dd   Thumb Code    22  stm32f10x_flash.o(i.FLASH_PrefetchBufferCmd)
    FLASH_SetLatency                         0x080006f9   Thumb Code    18  stm32f10x_flash.o(i.FLASH_SetLatency)
    GPIO_Init                                0x08000711   Thumb Code   278  stm32f10x_gpio.o(i.GPIO_Init)
    GPIO_SetBits                             0x08000827   Thumb Code     4  stm32f10x_gpio.o(i.GPIO_SetBits)
    GetSysTime_us                            0x0800082d   Thumb Code    58  delay.o(i.GetSysTime_us)
    HardFault_Handler                        0x08000871   Thumb Code     4  stm32f10x_it.o(i.HardFault_Handler)
    IIC_Init                                 0x08000d71   Thumb Code    56  iic_software.o(i.IIC_Init)
    IIC_Read_One_Byte                        0x08000dad   Thumb Code   100  iic_software.o(i.IIC_Read_One_Byte)
    IIC_Write_Bytes                          0x08000e11   Thumb Code    96  iic_software.o(i.IIC_Write_Bytes)
    IIC_Write_One_Byte                       0x08000e71   Thumb Code    68  iic_software.o(i.IIC_Write_One_Byte)
    IIC_read_Bytes                           0x08000eb5   Thumb Code   128  iic_software.o(i.IIC_read_Bytes)
    MemManage_Handler                        0x08000f35   Thumb Code     4  stm32f10x_it.o(i.MemManage_Handler)
    NMI_Handler                              0x08000f39   Thumb Code     2  stm32f10x_it.o(i.NMI_Handler)
    NRF24L01_Check                           0x08000f3d   Thumb Code    68  nrf24l01.o(i.NRF24L01_Check)
    NRF24L01_Configuration                   0x08000f89   Thumb Code   152  nrf24l01.o(i.NRF24L01_Configuration)
    NRF24L01_Read_Buf                        0x08001029   Thumb Code    62  nrf24l01.o(i.NRF24L01_Read_Buf)
    NRF24L01_Read_Reg                        0x0800106d   Thumb Code    40  nrf24l01.o(i.NRF24L01_Read_Reg)
    NRF24L01_TxPacket                        0x08001099   Thumb Code    80  nrf24l01.o(i.NRF24L01_TxPacket)
    NRF24L01_Write_Buf                       0x080010ed   Thumb Code    62  nrf24l01.o(i.NRF24L01_Write_Buf)
    NRF24L01_Write_Reg                       0x08001131   Thumb Code    42  nrf24l01.o(i.NRF24L01_Write_Reg)
    NRF24L01_init                            0x08001161   Thumb Code    22  nrf24l01.o(i.NRF24L01_init)
    NRF_SEND                                 0x08001179   Thumb Code   106  remote.o(i.NRF_SEND)
    NVIC_Configuration                       0x080011ed   Thumb Code    70  main.o(i.NVIC_Configuration)
    NVIC_Init                                0x08001235   Thumb Code   100  misc.o(i.NVIC_Init)
    NVIC_PriorityGroupConfig                 0x080012a5   Thumb Code    10  misc.o(i.NVIC_PriorityGroupConfig)
    PendSV_Handler                           0x080012b9   Thumb Code     2  stm32f10x_it.o(i.PendSV_Handler)
    RCC_ADCCLKConfig                         0x080012bd   Thumb Code    18  stm32f10x_rcc.o(i.RCC_ADCCLKConfig)
    RCC_AHBPeriphClockCmd                    0x080012d5   Thumb Code    26  stm32f10x_rcc.o(i.RCC_AHBPeriphClockCmd)
    RCC_APB1PeriphClockCmd                   0x080012f5   Thumb Code    26  stm32f10x_rcc.o(i.RCC_APB1PeriphClockCmd)
    RCC_APB2PeriphClockCmd                   0x08001315   Thumb Code    26  stm32f10x_rcc.o(i.RCC_APB2PeriphClockCmd)
    RCC_Configuration                        0x08001335   Thumb Code   120  main.o(i.RCC_Configuration)
    RCC_DeInit                               0x080013b1   Thumb Code    64  stm32f10x_rcc.o(i.RCC_DeInit)
    RCC_GetClocksFreq                        0x080013fd   Thumb Code   192  stm32f10x_rcc.o(i.RCC_GetClocksFreq)
    RCC_GetFlagStatus                        0x080014d1   Thumb Code    56  stm32f10x_rcc.o(i.RCC_GetFlagStatus)
    RCC_GetSYSCLKSource                      0x0800150d   Thumb Code    10  stm32f10x_rcc.o(i.RCC_GetSYSCLKSource)
    RCC_HCLKConfig                           0x0800151d   Thumb Code    18  stm32f10x_rcc.o(i.RCC_HCLKConfig)
    RCC_HSICmd                               0x08001535   Thumb Code     6  stm32f10x_rcc.o(i.RCC_HSICmd)
    RCC_PCLK1Config                          0x08001541   Thumb Code    18  stm32f10x_rcc.o(i.RCC_PCLK1Config)
    RCC_PCLK2Config                          0x08001559   Thumb Code    20  stm32f10x_rcc.o(i.RCC_PCLK2Config)
    RCC_PLLCmd                               0x08001571   Thumb Code     6  stm32f10x_rcc.o(i.RCC_PLLCmd)
    RCC_PLLConfig                            0x0800157d   Thumb Code    24  stm32f10x_rcc.o(i.RCC_PLLConfig)
    RCC_SYSCLKConfig                         0x08001599   Thumb Code    18  stm32f10x_rcc.o(i.RCC_SYSCLKConfig)
    RC_Analy                                 0x080015b1   Thumb Code   568  remote.o(i.RC_Analy)
    RC_INIT                                  0x08001805   Thumb Code    32  remote.o(i.RC_INIT)
    SPI_Cmd                                  0x08001829   Thumb Code    24  stm32f10x_spi.o(i.SPI_Cmd)
    SPI_Config                               0x08001841   Thumb Code   140  spi.o(i.SPI_Config)
    SPI_I2S_GetFlagStatus                    0x080018d5   Thumb Code    18  stm32f10x_spi.o(i.SPI_I2S_GetFlagStatus)
    SPI_I2S_ReceiveData                      0x080018e7   Thumb Code     6  stm32f10x_spi.o(i.SPI_I2S_ReceiveData)
    SPI_I2S_SendData                         0x080018ed   Thumb Code     4  stm32f10x_spi.o(i.SPI_I2S_SendData)
    SPI_Init                                 0x080018f1   Thumb Code    60  stm32f10x_spi.o(i.SPI_Init)
    SPI_RW                                   0x0800192d   Thumb Code    50  spi.o(i.SPI_RW)
    SVC_Handler                              0x08001965   Thumb Code     2  stm32f10x_it.o(i.SVC_Handler)
    SysTick_Handler                          0x08001969   Thumb Code    40  sys.o(i.SysTick_Handler)
    SystemInit                               0x08001999   Thumb Code    14  system_stm32f10x.o(i.SystemInit)
    TX_Mode                                  0x080019ad   Thumb Code    90  nrf24l01.o(i.TX_Mode)
    UsageFault_Handler                       0x08001a15   Thumb Code     4  stm32f10x_it.o(i.UsageFault_Handler)
    _g_Init_sys                              0x08001a19   Thumb Code    34  sys.o(i._g_Init_sys)
    cycleCounterInit                         0x08001a3d   Thumb Code    26  delay.o(i.cycleCounterInit)
    delay_ms                                 0x08001a61   Thumb Code    34  delay.o(i.delay_ms)
    key                                      0x08001a85   Thumb Code   410  remote.o(i.key)
    key_init                                 0x08001c41   Thumb Code    80  remote.o(i.key_init)
    main                                     0x08001ca1   Thumb Code   116  main.o(i.main)
    read_AT24C02                             0x08001d25   Thumb Code    22  eeprom.o(i.read_AT24C02)
    test_AT24C02                             0x08001d3b   Thumb Code    44  eeprom.o(i.test_AT24C02)
    write_AT24C02                            0x08001d67   Thumb Code    24  eeprom.o(i.write_AT24C02)
    __aeabi_fadd                             0x08001d81   Thumb Code     0  faddsub_clz.o(x$fpl$fadd)
    _fadd                                    0x08001d81   Thumb Code   196  faddsub_clz.o(x$fpl$fadd)
    __aeabi_f2uiz                            0x08001e45   Thumb Code     0  ffixu.o(x$fpl$ffixu)
    _ffixu                                   0x08001e45   Thumb Code    62  ffixu.o(x$fpl$ffixu)
    __aeabi_ui2f                             0x08001e85   Thumb Code     0  fflt_clz.o(x$fpl$ffltu)
    _ffltu                                   0x08001e85   Thumb Code    38  fflt_clz.o(x$fpl$ffltu)
    __aeabi_fmul                             0x08001ead   Thumb Code     0  fmul.o(x$fpl$fmul)
    _fmul                                    0x08001ead   Thumb Code   258  fmul.o(x$fpl$fmul)
    __fpl_fnaninf                            0x08001faf   Thumb Code   140  fnaninf.o(x$fpl$fnaninf)
    __fpl_fretinf                            0x0800203b   Thumb Code    10  fretinf.o(x$fpl$fretinf)
    __aeabi_fsub                             0x08002045   Thumb Code     0  faddsub_clz.o(x$fpl$fsub)
    _fsub                                    0x08002045   Thumb Code   234  faddsub_clz.o(x$fpl$fsub)
    TX_ADDRESS                               0x0800212e   Data           5  nrf24l01.o(.constdata)
    __I$use$fp                               0x0800212e   Number         0  usenofp.o(x$fpl$usenofp)
    RX_ADDRESS                               0x08002133   Data           5  nrf24l01.o(.constdata)
    Region$$Table$$Base                      0x08002138   Number         0  anon$$obj.o(Region$$Table)
    Region$$Table$$Limit                     0x08002158   Number         0  anon$$obj.o(Region$$Table)
    SysTick_count                            0x20000004   Data           4  sys.o(.data)
    ADC_ConvertedValue                       0x2000001e   Data           8  adc_dma_config.o(.data)
    Remote                                   0x20000028   Data          16  remote.o(.data)
    tx_data                                  0x20000038   Data          32  remote.o(.data)
    offset                                   0x20000068   Data          10  remote.o(.bss)
    __libspace_start                         0x20000074   Data          96  libspace.o(.bss)
    __temporary_stack_top$libspace           0x200000d4   Data           0  libspace.o(.bss)



==============================================================================

Memory Map of the image

  Image Entry point : 0x080000ed

  Load Region LR_IROM1 (Base: 0x08000000, Size: 0x000021c0, Max: 0x00010000, ABSOLUTE)

    Execution Region ER_IROM1 (Base: 0x08000000, Size: 0x00002158, Max: 0x00010000, ABSOLUTE)

    Base Addr    Size         Type   Attr      Idx    E Section Name        Object

    0x08000000   0x000000ec   Data   RO          174    RESET               startup_stm32f10x_md.o
    0x080000ec   0x00000008   Code   RO         3620  * !!!main             c_w.l(__main.o)
    0x080000f4   0x00000034   Code   RO         3799    !!!scatter          c_w.l(__scatter.o)
    0x08000128   0x0000001a   Code   RO         3801    !!handler_copy      c_w.l(__scatter_copy.o)
    0x08000142   0x00000002   PAD
    0x08000144   0x0000001c   Code   RO         3803    !!handler_zi        c_w.l(__scatter_zi.o)
    0x08000160   0x00000002   Code   RO         3670    .ARM.Collect$$libinit$$00000000  c_w.l(libinit.o)
    0x08000162   0x00000000   Code   RO         3677    .ARM.Collect$$libinit$$00000002  c_w.l(libinit2.o)
    0x08000162   0x00000000   Code   RO         3679    .ARM.Collect$$libinit$$00000004  c_w.l(libinit2.o)
    0x08000162   0x00000000   Code   RO         3682    .ARM.Collect$$libinit$$0000000A  c_w.l(libinit2.o)
    0x08000162   0x00000000   Code   RO         3684    .ARM.Collect$$libinit$$0000000C  c_w.l(libinit2.o)
    0x08000162   0x00000000   Code   RO         3686    .ARM.Collect$$libinit$$0000000E  c_w.l(libinit2.o)
    0x08000162   0x00000000   Code   RO         3689    .ARM.Collect$$libinit$$00000011  c_w.l(libinit2.o)
    0x08000162   0x00000000   Code   RO         3691    .ARM.Collect$$libinit$$00000013  c_w.l(libinit2.o)
    0x08000162   0x00000000   Code   RO         3693    .ARM.Collect$$libinit$$00000015  c_w.l(libinit2.o)
    0x08000162   0x00000000   Code   RO         3695    .ARM.Collect$$libinit$$00000017  c_w.l(libinit2.o)
    0x08000162   0x00000000   Code   RO         3697    .ARM.Collect$$libinit$$00000019  c_w.l(libinit2.o)
    0x08000162   0x00000000   Code   RO         3699    .ARM.Collect$$libinit$$0000001B  c_w.l(libinit2.o)
    0x08000162   0x00000000   Code   RO         3701    .ARM.Collect$$libinit$$0000001D  c_w.l(libinit2.o)
    0x08000162   0x00000000   Code   RO         3703    .ARM.Collect$$libinit$$0000001F  c_w.l(libinit2.o)
    0x08000162   0x00000000   Code   RO         3705    .ARM.Collect$$libinit$$00000021  c_w.l(libinit2.o)
    0x08000162   0x00000000   Code   RO         3707    .ARM.Collect$$libinit$$00000023  c_w.l(libinit2.o)
    0x08000162   0x00000000   Code   RO         3709    .ARM.Collect$$libinit$$00000025  c_w.l(libinit2.o)
    0x08000162   0x00000000   Code   RO         3713    .ARM.Collect$$libinit$$0000002C  c_w.l(libinit2.o)
    0x08000162   0x00000000   Code   RO         3715    .ARM.Collect$$libinit$$0000002E  c_w.l(libinit2.o)
    0x08000162   0x00000000   Code   RO         3717    .ARM.Collect$$libinit$$00000030  c_w.l(libinit2.o)
    0x08000162   0x00000000   Code   RO         3719    .ARM.Collect$$libinit$$00000032  c_w.l(libinit2.o)
    0x08000162   0x00000002   Code   RO         3720    .ARM.Collect$$libinit$$00000033  c_w.l(libinit2.o)
    0x08000164   0x00000002   Code   RO         3740    .ARM.Collect$$libshutdown$$00000000  c_w.l(libshutdown.o)
    0x08000166   0x00000000   Code   RO         3754    .ARM.Collect$$libshutdown$$00000003  c_w.l(libshutdown2.o)
    0x08000166   0x00000000   Code   RO         3757    .ARM.Collect$$libshutdown$$00000006  c_w.l(libshutdown2.o)
    0x08000166   0x00000000   Code   RO         3760    .ARM.Collect$$libshutdown$$00000009  c_w.l(libshutdown2.o)
    0x08000166   0x00000000   Code   RO         3762    .ARM.Collect$$libshutdown$$0000000B  c_w.l(libshutdown2.o)
    0x08000166   0x00000000   Code   RO         3765    .ARM.Collect$$libshutdown$$0000000E  c_w.l(libshutdown2.o)
    0x08000166   0x00000002   Code   RO         3766    .ARM.Collect$$libshutdown$$0000000F  c_w.l(libshutdown2.o)
    0x08000168   0x00000000   Code   RO         3640    .ARM.Collect$$rtentry$$00000000  c_w.l(__rtentry.o)
    0x08000168   0x00000000   Code   RO         3647    .ARM.Collect$$rtentry$$00000002  c_w.l(__rtentry2.o)
    0x08000168   0x00000006   Code   RO         3659    .ARM.Collect$$rtentry$$00000004  c_w.l(__rtentry4.o)
    0x0800016e   0x00000000   Code   RO         3649    .ARM.Collect$$rtentry$$00000009  c_w.l(__rtentry2.o)
    0x0800016e   0x00000004   Code   RO         3650    .ARM.Collect$$rtentry$$0000000A  c_w.l(__rtentry2.o)
    0x08000172   0x00000000   Code   RO         3652    .ARM.Collect$$rtentry$$0000000C  c_w.l(__rtentry2.o)
    0x08000172   0x00000008   Code   RO         3653    .ARM.Collect$$rtentry$$0000000D  c_w.l(__rtentry2.o)
    0x0800017a   0x00000002   Code   RO         3674    .ARM.Collect$$rtexit$$00000000  c_w.l(rtexit.o)
    0x0800017c   0x00000000   Code   RO         3722    .ARM.Collect$$rtexit$$00000002  c_w.l(rtexit2.o)
    0x0800017c   0x00000004   Code   RO         3723    .ARM.Collect$$rtexit$$00000003  c_w.l(rtexit2.o)
    0x08000180   0x00000006   Code   RO         3724    .ARM.Collect$$rtexit$$00000004  c_w.l(rtexit2.o)
    0x08000186   0x00000002   PAD
    0x08000188   0x00000040   Code   RO          175    .text               startup_stm32f10x_md.o
    0x080001c8   0x00000006   Code   RO         3618    .text               c_w.l(heapauxi.o)
    0x080001ce   0x0000004a   Code   RO         3661    .text               c_w.l(sys_stackheap_outer.o)
    0x08000218   0x0000000c   Code   RO         3663    .text               c_w.l(exit.o)
    0x08000224   0x00000008   Code   RO         3671    .text               c_w.l(libspace.o)
    0x0800022c   0x0000000c   Code   RO         3732    .text               c_w.l(sys_exit.o)
    0x08000238   0x00000002   Code   RO         3743    .text               c_w.l(use_no_semi.o)
    0x0800023a   0x00000000   Code   RO         3745    .text               c_w.l(indicate_semi.o)
    0x0800023a   0x00000002   PAD
    0x0800023c   0x00000030   Code   RO         3323    i.ADC1_GPIO_Config  adc_dma_config.o
    0x0800026c   0x00000108   Code   RO         3324    i.ADC1_Mode_Config  adc_dma_config.o
    0x08000374   0x00000016   Code   RO          371    i.ADC_Cmd           stm32f10x_adc.o
    0x0800038a   0x00000016   Code   RO          372    i.ADC_DMACmd        stm32f10x_adc.o
    0x080003a0   0x00000014   Code   RO          379    i.ADC_GetCalibrationStatus  stm32f10x_adc.o
    0x080003b4   0x00000014   Code   RO          385    i.ADC_GetResetCalibrationStatus  stm32f10x_adc.o
    0x080003c8   0x00000050   Code   RO          389    i.ADC_Init          stm32f10x_adc.o
    0x08000418   0x000000b8   Code   RO          393    i.ADC_RegularChannelConfig  stm32f10x_adc.o
    0x080004d0   0x0000000a   Code   RO          394    i.ADC_ResetCalibration  stm32f10x_adc.o
    0x080004da   0x00000016   Code   RO          396    i.ADC_SoftwareStartConvCmd  stm32f10x_adc.o
    0x080004f0   0x0000000a   Code   RO          398    i.ADC_StartCalibration  stm32f10x_adc.o
    0x080004fa   0x00000002   PAD
    0x080004fc   0x00000038   Code   RO          179    i.BEEP_INIT         main.o
    0x08000534   0x00000004   Code   RO           17    i.BusFault_Handler  stm32f10x_it.o
    0x08000538   0x00000018   Code   RO         1071    i.DMA_Cmd           stm32f10x_dma.o
    0x08000550   0x0000014c   Code   RO         1072    i.DMA_DeInit        stm32f10x_dma.o
    0x0800069c   0x0000003c   Code   RO         1077    i.DMA_Init          stm32f10x_dma.o
    0x080006d8   0x00000002   Code   RO           18    i.DebugMon_Handler  stm32f10x_it.o
    0x080006da   0x00000002   PAD
    0x080006dc   0x0000001c   Code   RO         1212    i.FLASH_PrefetchBufferCmd  stm32f10x_flash.o
    0x080006f8   0x00000018   Code   RO         1217    i.FLASH_SetLatency  stm32f10x_flash.o
    0x08000710   0x00000116   Code   RO         1498    i.GPIO_Init         stm32f10x_gpio.o
    0x08000826   0x00000004   Code   RO         1506    i.GPIO_SetBits      stm32f10x_gpio.o
    0x0800082a   0x00000002   PAD
    0x0800082c   0x00000044   Code   RO          243    i.GetSysTime_us     delay.o
    0x08000870   0x00000004   Code   RO           19    i.HardFault_Handler  stm32f10x_it.o
    0x08000874   0x000000cc   Code   RO         3383    i.I2c_Ack           iic_software.o
    0x08000940   0x000000cc   Code   RO         3384    i.I2c_NoAck         iic_software.o
    0x08000a0c   0x000000c0   Code   RO         3385    i.I2c_ReadByte      iic_software.o
    0x08000acc   0x000000c0   Code   RO         3386    i.I2c_SendByte      iic_software.o
    0x08000b8c   0x00000094   Code   RO         3387    i.I2c_Start         iic_software.o
    0x08000c20   0x0000009c   Code   RO         3388    i.I2c_Stop          iic_software.o
    0x08000cbc   0x000000b4   Code   RO         3389    i.I2c_WaitAck       iic_software.o
    0x08000d70   0x0000003c   Code   RO         3390    i.IIC_Init          iic_software.o
    0x08000dac   0x00000064   Code   RO         3391    i.IIC_Read_One_Byte  iic_software.o
    0x08000e10   0x00000060   Code   RO         3392    i.IIC_Write_Bytes   iic_software.o
    0x08000e70   0x00000044   Code   RO         3393    i.IIC_Write_One_Byte  iic_software.o
    0x08000eb4   0x00000080   Code   RO         3394    i.IIC_read_Bytes    iic_software.o
    0x08000f34   0x00000004   Code   RO           20    i.MemManage_Handler  stm32f10x_it.o
    0x08000f38   0x00000002   Code   RO           21    i.NMI_Handler       stm32f10x_it.o
    0x08000f3a   0x00000002   PAD
    0x08000f3c   0x0000004c   Code   RO         3491    i.NRF24L01_Check    nrf24l01.o
    0x08000f88   0x000000a0   Code   RO         3492    i.NRF24L01_Configuration  nrf24l01.o
    0x08001028   0x00000044   Code   RO         3493    i.NRF24L01_Read_Buf  nrf24l01.o
    0x0800106c   0x0000002c   Code   RO         3494    i.NRF24L01_Read_Reg  nrf24l01.o
    0x08001098   0x00000054   Code   RO         3496    i.NRF24L01_TxPacket  nrf24l01.o
    0x080010ec   0x00000044   Code   RO         3497    i.NRF24L01_Write_Buf  nrf24l01.o
    0x08001130   0x00000030   Code   RO         3498    i.NRF24L01_Write_Reg  nrf24l01.o
    0x08001160   0x00000016   Code   RO         3499    i.NRF24L01_init     nrf24l01.o
    0x08001176   0x00000002   PAD
    0x08001178   0x00000074   Code   RO         3569    i.NRF_SEND          remote.o
    0x080011ec   0x00000046   Code   RO          180    i.NVIC_Configuration  main.o
    0x08001232   0x00000002   PAD
    0x08001234   0x00000070   Code   RO          329    i.NVIC_Init         misc.o
    0x080012a4   0x00000014   Code   RO          330    i.NVIC_PriorityGroupConfig  misc.o
    0x080012b8   0x00000002   Code   RO           22    i.PendSV_Handler    stm32f10x_it.o
    0x080012ba   0x00000002   PAD
    0x080012bc   0x00000018   Code   RO         1918    i.RCC_ADCCLKConfig  stm32f10x_rcc.o
    0x080012d4   0x00000020   Code   RO         1919    i.RCC_AHBPeriphClockCmd  stm32f10x_rcc.o
    0x080012f4   0x00000020   Code   RO         1920    i.RCC_APB1PeriphClockCmd  stm32f10x_rcc.o
    0x08001314   0x00000020   Code   RO         1922    i.RCC_APB2PeriphClockCmd  stm32f10x_rcc.o
    0x08001334   0x0000007c   Code   RO          181    i.RCC_Configuration  main.o
    0x080013b0   0x0000004c   Code   RO         1929    i.RCC_DeInit        stm32f10x_rcc.o
    0x080013fc   0x000000d4   Code   RO         1930    i.RCC_GetClocksFreq  stm32f10x_rcc.o
    0x080014d0   0x0000003c   Code   RO         1931    i.RCC_GetFlagStatus  stm32f10x_rcc.o
    0x0800150c   0x00000010   Code   RO         1933    i.RCC_GetSYSCLKSource  stm32f10x_rcc.o
    0x0800151c   0x00000018   Code   RO         1934    i.RCC_HCLKConfig    stm32f10x_rcc.o
    0x08001534   0x0000000c   Code   RO         1936    i.RCC_HSICmd        stm32f10x_rcc.o
    0x08001540   0x00000018   Code   RO         1941    i.RCC_PCLK1Config   stm32f10x_rcc.o
    0x08001558   0x00000018   Code   RO         1942    i.RCC_PCLK2Config   stm32f10x_rcc.o
    0x08001570   0x0000000c   Code   RO         1943    i.RCC_PLLCmd        stm32f10x_rcc.o
    0x0800157c   0x0000001c   Code   RO         1944    i.RCC_PLLConfig     stm32f10x_rcc.o
    0x08001598   0x00000018   Code   RO         1947    i.RCC_SYSCLKConfig  stm32f10x_rcc.o
    0x080015b0   0x00000254   Code   RO         3570    i.RC_Analy          remote.o
    0x08001804   0x00000024   Code   RO         3571    i.RC_INIT           remote.o
    0x08001828   0x00000018   Code   RO         2402    i.SPI_Cmd           stm32f10x_spi.o
    0x08001840   0x00000094   Code   RO         3362    i.SPI_Config        spi.o
    0x080018d4   0x00000012   Code   RO         2410    i.SPI_I2S_GetFlagStatus  stm32f10x_spi.o
    0x080018e6   0x00000006   Code   RO         2413    i.SPI_I2S_ReceiveData  stm32f10x_spi.o
    0x080018ec   0x00000004   Code   RO         2414    i.SPI_I2S_SendData  stm32f10x_spi.o
    0x080018f0   0x0000003c   Code   RO         2415    i.SPI_Init          stm32f10x_spi.o
    0x0800192c   0x00000038   Code   RO         3363    i.SPI_RW            spi.o
    0x08001964   0x00000002   Code   RO           23    i.SVC_Handler       stm32f10x_it.o
    0x08001966   0x00000002   PAD
    0x08001968   0x00000030   Code   RO          279    i.SysTick_Handler   sys.o
    0x08001998   0x00000014   Code   RO          141    i.SystemInit        system_stm32f10x.o
    0x080019ac   0x00000068   Code   RO         3501    i.TX_Mode           nrf24l01.o
    0x08001a14   0x00000004   Code   RO           24    i.UsageFault_Handler  stm32f10x_it.o
    0x08001a18   0x00000022   Code   RO          280    i._g_Init_sys       sys.o
    0x08001a3a   0x00000002   PAD
    0x08001a3c   0x00000024   Code   RO          244    i.cycleCounterInit  delay.o
    0x08001a60   0x00000022   Code   RO          245    i.delay_ms          delay.o
    0x08001a82   0x00000002   PAD
    0x08001a84   0x000001bc   Code   RO         3572    i.key               remote.o
    0x08001c40   0x00000060   Code   RO         3573    i.key_init          remote.o
    0x08001ca0   0x00000084   Code   RO          182    i.main              main.o
    0x08001d24   0x00000016   Code   RO         3457    i.read_AT24C02      eeprom.o
    0x08001d3a   0x0000002c   Code   RO         3458    i.test_AT24C02      eeprom.o
    0x08001d66   0x00000018   Code   RO         3459    i.write_AT24C02     eeprom.o
    0x08001d7e   0x00000002   PAD
    0x08001d80   0x000000c4   Code   RO         3622    x$fpl$fadd          fz_ws.l(faddsub_clz.o)
    0x08001e44   0x0000003e   Code   RO         3628    x$fpl$ffixu         fz_ws.l(ffixu.o)
    0x08001e82   0x00000002   PAD
    0x08001e84   0x00000026   Code   RO         3632    x$fpl$ffltu         fz_ws.l(fflt_clz.o)
    0x08001eaa   0x00000002   PAD
    0x08001eac   0x00000102   Code   RO         3638    x$fpl$fmul          fz_ws.l(fmul.o)
    0x08001fae   0x0000008c   Code   RO         3641    x$fpl$fnaninf       fz_ws.l(fnaninf.o)
    0x0800203a   0x0000000a   Code   RO         3643    x$fpl$fretinf       fz_ws.l(fretinf.o)
    0x08002044   0x000000ea   Code   RO         3624    x$fpl$fsub          fz_ws.l(faddsub_clz.o)
    0x0800212e   0x00000000   Code   RO         3645    x$fpl$usenofp       fz_ws.l(usenofp.o)
    0x0800212e   0x0000000a   Data   RO         3502    .constdata          nrf24l01.o
    0x08002138   0x00000020   Data   RO         3797    Region$$Table       anon$$obj.o


    Execution Region RW_IRAM1 (Base: 0x20000000, Size: 0x000006d8, Max: 0x00005000, ABSOLUTE)

    Base Addr    Size         Type   Attr      Idx    E Section Name        Object

    0x20000000   0x00000004   Data   RW          247    .data               delay.o
    0x20000004   0x00000005   Data   RW          281    .data               sys.o
    0x20000009   0x00000014   Data   RW         1950    .data               stm32f10x_rcc.o
    0x2000001d   0x00000001   PAD
    0x2000001e   0x00000008   Data   RW         3325    .data               adc_dma_config.o
    0x20000026   0x00000002   PAD
    0x20000028   0x00000040   Data   RW         3575    .data               remote.o
    0x20000068   0x0000000a   Zero   RW         3574    .bss                remote.o
    0x20000072   0x00000002   PAD
    0x20000074   0x00000060   Zero   RW         3672    .bss                c_w.l(libspace.o)
    0x200000d4   0x00000004   PAD
    0x200000d8   0x00000200   Zero   RW          173    HEAP                startup_stm32f10x_md.o
    0x200002d8   0x00000400   Zero   RW          172    STACK               startup_stm32f10x_md.o


==============================================================================

Image component sizes


      Code (inc. data)   RO Data    RW Data    ZI Data      Debug   Object Name

       312         18          0          8          0       2079   adc_dma_config.o
         0          0          0          0          0       4536   core_cm3.o
       138         20          0          4          0       2370   delay.o
        90          0          0          0          0       1766   eeprom.o
      1728         36          0          0          0       9443   iic_software.o
       382         26          0          0          0     230259   main.o
       132         22          0          0          0       1647   misc.o
       674         56         10          0          0       7010   nrf24l01.o
      1288         92          0         64         10       4785   remote.o
       204         14          0          0          0       1238   spi.o
        64         26        236          0       1536        840   startup_stm32f10x_md.o
       390         10          0          0          0       7773   stm32f10x_adc.o
       416          8          0          0          0       3578   stm32f10x_dma.o
        52         12          0          0          0       1177   stm32f10x_flash.o
       282          0          0          0          0       2603   stm32f10x_gpio.o
        24          0          0          0          0      38104   stm32f10x_it.o
       632        104          0         20          0      11646   stm32f10x_rcc.o
       112          0          0          0          0       4066   stm32f10x_spi.o
        82          8          0          5          0       1372   sys.o
        20          6          0          0          0        509   system_stm32f10x.o

    ----------------------------------------------------------------------
      7044        458        278        104       1548     336801   Object Totals
         0          0         32          0          0          0   (incl. Generated)
        22          0          0          3          2          0   (incl. Padding)

    ----------------------------------------------------------------------

      Code (inc. data)   RO Data    RW Data    ZI Data      Debug   Library Member Name

         8          0          0          0          0         68   __main.o
         0          0          0          0          0          0   __rtentry.o
        12          0          0          0          0          0   __rtentry2.o
         6          0          0          0          0          0   __rtentry4.o
        52          8          0          0          0          0   __scatter.o
        26          0          0          0          0          0   __scatter_copy.o
        28          0          0          0          0          0   __scatter_zi.o
        12          0          0          0          0         72   exit.o
         6          0          0          0          0        152   heapauxi.o
         0          0          0          0          0          0   indicate_semi.o
         2          0          0          0          0          0   libinit.o
         2          0          0          0          0          0   libinit2.o
         2          0          0          0          0          0   libshutdown.o
         2          0          0          0          0          0   libshutdown2.o
         8          4          0          0         96         68   libspace.o
         2          0          0          0          0          0   rtexit.o
        10          0          0          0          0          0   rtexit2.o
        12          4          0          0          0         68   sys_exit.o
        74          0          0          0          0         80   sys_stackheap_outer.o
         2          0          0          0          0         68   use_no_semi.o
       430          8          0          0          0        168   faddsub_clz.o
        62          4          0          0          0         84   ffixu.o
        38          0          0          0          0         68   fflt_clz.o
       258          4          0          0          0         84   fmul.o
       140          4          0          0          0         84   fnaninf.o
        10          0          0          0          0         68   fretinf.o
         0          0          0          0          0          0   usenofp.o

    ----------------------------------------------------------------------
      1214         36          0          0        100       1132   Library Totals
        10          0          0          0          4          0   (incl. Padding)

    ----------------------------------------------------------------------

      Code (inc. data)   RO Data    RW Data    ZI Data      Debug   Library Name

       266         16          0          0         96        576   c_w.l
       938         20          0          0          0        556   fz_ws.l

    ----------------------------------------------------------------------
      1214         36          0          0        100       1132   Library Totals

    ----------------------------------------------------------------------

==============================================================================


      Code (inc. data)   RO Data    RW Data    ZI Data      Debug   

      8258        494        278        104       1648     333041   Grand Totals
      8258        494        278        104       1648     333041   ELF Image Totals
      8258        494        278        104          0          0   ROM Totals

==============================================================================

    Total RO  Size (Code + RO Data)                 8536 (   8.34kB)
    Total RW  Size (RW Data + ZI Data)              1752 (   1.71kB)
    Total ROM Size (Code + RO Data + RW Data)       8640 (   8.44kB)

==============================================================================

